--- Miniterm on /dev/serial/by-id/usb-ROBOTIS_OpenCR_Virtual_ComPort_in_FS_Mode_FFFFFFFEFFFF-if00  115200,8,N,1 ---
--- Quit: Ctrl+] | Menu: Ctrl+T | Help: Ctrl+T followed by Ctrl+H ---
CHECK_OK READY; BOTH_TORQUES_OFF
STATE READY POS=4078 DRIFT=0 PEAK=0 VEL=0 I_RAW=0 TEMP=33 TORQUE=0 AGE_MS=26
ACK HOLD; ZERO_VELOCITY; TORQUE_ON
STATE HOLDING POS=4078 DRIFT=0 PEAK=1 VEL=0 I_RAW=0 TEMP=33 TORQUE=1 AGE_MS=2
STATE HOLDING POS=4078 DRIFT=0 PEAK=1 VEL=0 I_RAW=0 TEMP=34 TORQUE=1 AGE_MS=2
STATE HOLDING POS=4078 DRIFT=0 PEAK=1 VEL=0 I_RAW=0 TEMP=34 TORQUE=1 AGE_MS=2
STATE HOLDING POS=4078 DRIFT=0 PEAK=1 VEL=0 I_RAW=0 TEMP=33 TORQUE=1 AGE_MS=2
STATE HOLDING POS=4078 DRIFT=0 PEAK=1 VEL=0 I_RAW=0 TEMP=34 TORQUE=1 AGE_MS=2
STATE HOLDING POS=4078 DRIFT=0 PEAK=1 VEL=0 I_RAW=0 TEMP=34 TORQUE=1 AGE_MS=2
STATE HOLDING POS=4079 DRIFT=1 PEAK=1 VEL=0 I_RAW=0 TEMP=33 TORQUE=1 AGE_MS=2
STATE HOLDING POS=4078 DRIFT=0 PEAK=1 VEL=0 I_RAW=0 TEMP=33 TORQUE=1 AGE_MS=2
STATE HOLDING POS=4079 DRIFT=1 PEAK=1 VEL=0 I_RAW=0 TEMP=33 TORQUE=1 AGE_MS=2
STATE HOLDING POS=4078 DRIFT=0 PEAK=1 VEL=0 I_RAW=0 TEMP=33 TORQUE=1 AGE_MS=2
STATE HOLDING POS=4078 DRIFT=0 PEAK=1 VEL=0 I_RAW=0 TEMP=34 TORQUE=1 AGE_MS=2
STATE HOLDING POS=4078 DRIFT=0 PEAK=1 VEL=0 I_RAW=0 TEMP=34 TORQUE=1 AGE_MS=2
STATE HOLDING POS=4078 DRIFT=0 PEAK=1 VEL=0 I_RAW=0 TEMP=34 TORQUE=1 AGE_MS=2
STATE HOLDING POS=4078 DRIFT=0 PEAK=1 VEL=0 I_RAW=0 TEMP=34 TORQUE=1 AGE_MS=2
STATE HOLDING POS=4079 DRIFT=1 PEAK=1 VEL=0 I_RAW=0 TEMP=33 TORQUE=1 AGE_MS=2
ACK STOP_REQUEST
EVENT STOPPED HOLDING; TORQUE_REMAINS_ON
STATE HOLDING POS=4079 DRIFT=1 PEAK=1 VEL=0 I_RAW=0 TEMP=34 TORQUE=1 AGE_MS=2
STATE HOLDING POS=4078 DRIFT=0 PEAK=1 VEL=0 I_RAW=0 TEMP=34 TORQUE=1 AGE_MS=2
STATE HOLDING POS=4079 DRIFT=1 PEAK=1 VEL=0 I_RAW=0 TEMP=34 TORQUE=1 AGE_MS=2
STATE HOLDING POS=4078 DRIFT=0 PEAK=1 VEL=0 I_RAW=0 TEMP=34 TORQUE=1 AGE_MS=2
STATE HOLDING POS=4079 DRIFT=1 PEAK=1 VEL=0 I_RAW=0 TEMP=34 TORQUE=1 AGE_MS=2
STATE HOLDING POS=4078 DRIFT=0 PEAK=1 VEL=0 I_RAW=0 TEMP=33 TORQUE=1 AGE_MS=2
STATE HOLDING POS=4079 DRIFT=1 PEAK=1 VEL=0 I_RAW=0 TEMP=34 TORQUE=1 AGE_MS=2
STATE HOLDING POS=4079 DRIFT=1 PEAK=1 VEL=0 I_RAW=0 TEMP=33 TORQUE=1 AGE_MS=2
STATE HOLDING POS=4078 DRIFT=0 PEAK=1 VEL=0 I_RAW=0 TEMP=34 TORQUE=1 AGE_MS=2
STATE HOLDING POS=4078 DRIFT=0 PEAK=1 VEL=0 I_RAW=0 TEMP=33 TORQUE=1 AGE_MS=2
STATE HOLDING POS=4079 DRIFT=1 PEAK=1 VEL=0 I_RAW=0 TEMP=33 TORQUE=1 AGE_MS=2
STATE HOLDING POS=4078 DRIFT=0 PEAK=1 VEL=0 I_RAW=0 TEMP=34 TORQUE=1 AGE_MS=2
STATE HOLDING POS=4078 DRIFT=0 PEAK=1 VEL=0 I_RAW=0 TEMP=33 TORQUE=1 AGE_MS=2
STATE HOLDING POS=4078 DRIFT=0 PEAK=1 VEL=0 I_RAW=0 TEMP=33 TORQUE=1 AGE_MS=2
STATE HOLDING POS=4079 DRIFT=1 PEAK=1 VEL=0 I_RAW=0 TEMP=33 TORQUE=1 AGE_MS=2
STATE HOLDING POS=4078 DRIFT=0 PEAK=1 VEL=0 I_RAW=0 TEMP=34 TORQUE=1 AGE_MS=2
STATE HOLDING POS=4078 DRIFT=0 PEAK=1 VEL=0 I_RAW=0 TEMP=33 TORQUE=1 AGE_MS=2
STATE HOLDING POS=4078 DRIFT=0 PEAK=1 VEL=0 I_RAW=0 TEMP=34 TORQUE=1 AGE_MS=2
STATE HOLDING POS=4078 DRIFT=0 PEAK=1 VEL=0 I_RAW=0 TEMP=34 TORQUE=1 AGE_MS=2
STATE HOLDING POS=4078 DRIFT=0 PEAK=1 VEL=0 I_RAW=0 TEMP=33 TORQUE=1 AGE_MS=2
STATE HOLDING POS=4079 DRIFT=1 PEAK=1 VEL=0 I_RAW=0 TEMP=34 TORQUE=1 AGE_MS=2
STATE HOLDING POS=4078 DRIFT=0 PEAK=1 VEL=0 I_RAW=0 TEMP=33 TORQUE=1 AGE_MS=2
STATE HOLDING POS=4078 DRIFT=0 PEAK=1 VEL=0 I_RAW=0 TEMP=34 TORQUE=1 AGE_MS=2
ACK ARM; ONE_JOG_READY
STATE ARMED POS=4078 DRIFT=0 PEAK=1 VEL=0 I_RAW=0 TEMP=33 TORQUE=1 AGE_MS=2
STATE ARMED POS=4078 DRIFT=0 PEAK=1 VEL=0 I_RAW=0 TEMP=34 TORQUE=1 AGE_MS=2
STATE ARMED POS=4079 DRIFT=1 PEAK=1 VEL=0 I_RAW=0 TEMP=33 TORQUE=1 AGE_MS=2
STATE ARMED POS=4078 DRIFT=0 PEAK=1 VEL=0 I_RAW=0 TEMP=33 TORQUE=1 AGE_MS=2
STATE ARMED POS=4078 DRIFT=0 PEAK=1 VEL=0 I_RAW=0 TEMP=34 TORQUE=1 AGE_MS=2
STATE ARMED POS=4078 DRIFT=0 PEAK=1 VEL=0 I_RAW=0 TEMP=34 TORQUE=1 AGE_MS=2
STATE ARMED POS=4078 DRIFT=0 PEAK=1 VEL=0 I_RAW=0 TEMP=34 TORQUE=1 AGE_MS=2
STATE ARMED POS=4078 DRIFT=0 PEAK=1 VEL=0 I_RAW=0 TEMP=34 TORQUE=1 AGE_MS=2
STATE ARMED POS=4079 DRIFT=1 PEAK=1 VEL=0 I_RAW=0 TEMP=34 TORQUE=1 AGE_MS=2
STATE ARMED POS=4078 DRIFT=0 PEAK=1 VEL=0 I_RAW=0 TEMP=34 TORQUE=1 AGE_MS=2
EVENT ARM_IDLE_TIMEOUT
EVENT STOPPED HOLDING; TORQUE_REMAINS_ON
STATE HOLDING POS=4078 DRIFT=0 PEAK=1 VEL=0 I_RAW=0 TEMP=34 TORQUE=1 AGE_MS=2
STATE HOLDING POS=4079 DRIFT=1 PEAK=1 VEL=0 I_RAW=0 TEMP=33 TORQUE=1 AGE_MS=2
STATE HOLDING POS=4078 DRIFT=0 PEAK=1 VEL=0 I_RAW=0 TEMP=34 TORQUE=1 AGE_MS=2
ERR ARM_REQUIRED
STATE HOLDING POS=4078 DRIFT=0 PEAK=1 VEL=0 I_RAW=0 TEMP=34 TORQUE=1 AGE_MS=2
STATE HOLDING POS=4079 DRIFT=1 PEAK=1 VEL=0 I_RAW=0 TEMP=33 TORQUE=1 AGE_MS=2
STATE HOLDING POS=4078 DRIFT=0 PEAK=1 VEL=0 I_RAW=0 TEMP=33 TORQUE=1 AGE_MS=2
ACK ARM; ONE_JOG_READY
STATE ARMED POS=4078 DRIFT=0 PEAK=1 VEL=0 I_RAW=0 TEMP=34 TORQUE=1 AGE_MS=2
STATE ARMED POS=4078 DRIFT=0 PEAK=1 VEL=0 I_RAW=0 TEMP=34 TORQUE=1 AGE_MS=2
STATE ARMED POS=4078 DRIFT=0 PEAK=1 VEL=0 I_RAW=0 TEMP=34 TORQUE=1 AGE_MS=2
STATE ARMED POS=4079 DRIFT=1 PEAK=1 VEL=0 I_RAW=0 TEMP=34 TORQUE=1 AGE_MS=2
ACK JOG -
STATE JOGGING POS=4078 DRIFT=0 PEAK=1 VEL=0 I_RAW=2 TEMP=34 TORQUE=1 AGE_MS=2
EVENT JOG_TIMEOUT
EVENT STOPPED HOLDING; TORQUE_REMAINS_ON
STATE HOLDING POS=4068 DRIFT=-10 PEAK=10 VEL=0 I_RAW=0 TEMP=33 TORQUE=1 AGE_MS=2
STATE HOLDING POS=4069 DRIFT=-9 PEAK=10 VEL=0 I_RAW=0 TEMP=33 TORQUE=1 AGE_MS=2
STATE HOLDING POS=4069 DRIFT=-9 PEAK=10 VEL=0 I_RAW=0 TEMP=33 TORQUE=1 AGE_MS=2
STATE HOLDING POS=4068 DRIFT=-10 PEAK=10 VEL=0 I_RAW=0 TEMP=34 TORQUE=1 AGE_MS=2
STATE HOLDING POS=4068 DRIFT=-10 PEAK=10 VEL=0 I_RAW=0 TEMP=34 TORQUE=1 AGE_MS=2
STATE HOLDING POS=4068 DRIFT=-10 PEAK=10 VEL=0 I_RAW=0 TEMP=33 TORQUE=1 AGE_MS=2
STATE HOLDING POS=4069 DRIFT=-9 PEAK=10 VEL=0 I_RAW=0 TEMP=33 TORQUE=1 AGE_MS=2
STATE HOLDING POS=4069 DRIFT=-9 PEAK=10 VEL=0 I_RAW=0 TEMP=34 TORQUE=1 AGE_MS=2
STATE HOLDING POS=4069 DRIFT=-9 PEAK=10 VEL=0 I_RAW=0 TEMP=34 TORQUE=1 AGE_MS=2
STATE HOLDING POS=4069 DRIFT=-9 PEAK=10 VEL=0 I_RAW=0 TEMP=34 TORQUE=1 AGE_MS=2
STATE HOLDING POS=4069 DRIFT=-9 PEAK=10 VEL=0 I_RAW=0 TEMP=34 TORQUE=1 AGE_MS=2
STATE HOLDING POS=4069 DRIFT=-9 PEAK=10 VEL=0 I_RAW=0 TEMP=34 TORQUE=1 AGE_MS=2
STATE HOLDING POS=4069 DRIFT=-9 PEAK=10 VEL=0 I_RAW=0 TEMP=34 TORQUE=1 AGE_MS=2
STATE HOLDING POS=4069 DRIFT=-9 PEAK=10 VEL=0 I_RAW=0 TEMP=34 TORQUE=1 AGE_MS=2
STATE HOLDING POS=4069 DRIFT=-9 PEAK=10 VEL=0 I_RAW=0 TEMP=34 TORQUE=1 AGE_MS=2
STATE HOLDING POS=4069 DRIFT=-9 PEAK=10 VEL=0 I_RAW=0 TEMP=34 TORQUE=1 AGE_MS=2
STATE HOLDING POS=4069 DRIFT=-9 PEAK=10 VEL=0 I_RAW=0 TEMP=34 TORQUE=1 AGE_MS=2
STATE HOLDING POS=4069 DRIFT=-9 PEAK=10 VEL=0 I_RAW=0 TEMP=34 TORQUE=1 AGE_MS=2
STATE HOLDING POS=4069 DRIFT=-9 PEAK=10 VEL=0 I_RAW=0 TEMP=34 TORQUE=1 AGE_MS=2
STATE HOLDING POS=4069 DRIFT=-9 PEAK=10 VEL=0 I_RAW=0 TEMP=34 TORQUE=1 AGE_MS=2
STATE HOLDING POS=4069 DRIFT=-9 PEAK=10 VEL=0 I_RAW=0 TEMP=34 TORQUE=1 AGE_MS=2
STATE HOLDING POS=4069 DRIFT=-9 PEAK=10 VEL=0 I_RAW=0 TEMP=34 TORQUE=1 AGE_MS=2
STATE HOLDING POS=4069 DRIFT=-9 PEAK=10 VEL=0 I_RAW=0 TEMP=34 TORQUE=1 AGE_MS=2
STATE HOLDING POS=4068 DRIFT=-10 PEAK=10 VEL=0 I_RAW=0 TEMP=34 TORQUE=1 AGE_MS=2
STATE HOLDING POS=4068 DRIFT=-10 PEAK=10 VEL=0 I_RAW=0 TEMP=34 TORQUE=1 AGE_MS=2
STATE HOLDING POS=4069 DRIFT=-9 PEAK=10 VEL=0 I_RAW=0 TEMP=34 TORQUE=1 AGE_MS=2
STATE HOLDING POS=4069 DRIFT=-9 PEAK=10 VEL=0 I_RAW=0 TEMP=34 TORQUE=1 AGE_MS=2
STATE HOLDING POS=4069 DRIFT=-9 PEAK=10 VEL=0 I_RAW=0 TEMP=34 TORQUE=1 AGE_MS=2
STATE HOLDING POS=4069 DRIFT=-9 PEAK=10 VEL=0 I_RAW=0 TEMP=34 TORQUE=1 AGE_MS=2
STATE HOLDING POS=4069 DRIFT=-9 PEAK=10 VEL=0 I_RAW=0 TEMP=34 TORQUE=1 AGE_MS=2
ACK ARM; ONE_JOG_READY
STATE ARMED POS=4068 DRIFT=-10 PEAK=10 VEL=0 I_RAW=0 TEMP=34 TORQUE=1 AGE_MS=2
STATE ARMED POS=4069 DRIFT=-9 PEAK=10 VEL=0 I_RAW=0 TEMP=34 TORQUE=1 AGE_MS=2
STATE ARMED POS=4069 DRIFT=-9 PEAK=10 VEL=0 I_RAW=0 TEMP=34 TORQUE=1 AGE_MS=2
ACK JOG +
EVENT JOG_TIMEOUT
EVENT STOPPED HOLDING; TORQUE_REMAINS_ON
STATE HOLDING POS=4074 DRIFT=-4 PEAK=10 VEL=0 I_RAW=0 TEMP=34 TORQUE=1 AGE_MS=2
STATE HOLDING POS=4074 DRIFT=-4 PEAK=10 VEL=0 I_RAW=0 TEMP=34 TORQUE=1 AGE_MS=2
STATE HOLDING POS=4073 DRIFT=-5 PEAK=10 VEL=0 I_RAW=0 TEMP=34 TORQUE=1 AGE_MS=2
STATE HOLDING POS=4073 DRIFT=-5 PEAK=10 VEL=0 I_RAW=0 TEMP=34 TORQUE=1 AGE_MS=2
STATE HOLDING POS=4074 DRIFT=-4 PEAK=10 VEL=0 I_RAW=0 TEMP=34 TORQUE=1 AGE_MS=2
STATE HOLDING POS=4074 DRIFT=-4 PEAK=10 VEL=0 I_RAW=0 TEMP=35 TORQUE=1 AGE_MS=2
STATE HOLDING POS=4074 DRIFT=-4 PEAK=10 VEL=0 I_RAW=0 TEMP=34 TORQUE=1 AGE_MS=2
STATE HOLDING POS=4074 DRIFT=-4 PEAK=10 VEL=0 I_RAW=0 TEMP=34 TORQUE=1 AGE_MS=2
STATE HOLDING POS=4074 DRIFT=-4 PEAK=10 VEL=0 I_RAW=0 TEMP=34 TORQUE=1 AGE_MS=2
STATE HOLDING POS=4074 DRIFT=-4 PEAK=10 VEL=0 I_RAW=0 TEMP=34 TORQUE=1 AGE_MS=2
STATE HOLDING POS=4074 DRIFT=-4 PEAK=10 VEL=0 I_RAW=0 TEMP=34 TORQUE=1 AGE_MS=2
STATE HOLDING POS=4074 DRIFT=-4 PEAK=10 VEL=0 I_RAW=0 TEMP=34 TORQUE=1 AGE_MS=2
STATE HOLDING POS=4073 DRIFT=-5 PEAK=10 VEL=0 I_RAW=0 TEMP=34 TORQUE=1 AGE_MS=2
STATE HOLDING POS=4073 DRIFT=-5 PEAK=10 VEL=0 I_RAW=0 TEMP=35 TORQUE=1 AGE_MS=2
STATE HOLDING POS=4074 DRIFT=-4 PEAK=10 VEL=0 I_RAW=0 TEMP=34 TORQUE=1 AGE_MS=2
STATE HOLDING POS=4073 DRIFT=-5 PEAK=10 VEL=0 I_RAW=0 TEMP=35 TORQUE=1 AGE_MS=2
STATE HOLDING POS=4073 DRIFT=-5 PEAK=10 VEL=0 I_RAW=0 TEMP=35 TORQUE=1 AGE_MS=2
STATE HOLDING POS=4074 DRIFT=-4 PEAK=10 VEL=0 I_RAW=0 TEMP=34 TORQUE=1 AGE_MS=2
STATE HOLDING POS=4074 DRIFT=-4 PEAK=10 VEL=0 I_RAW=0 TEMP=34 TORQUE=1 AGE_MS=2
STATE HOLDING POS=4074 DRIFT=-4 PEAK=10 VEL=0 I_RAW=0 TEMP=34 TORQUE=1 AGE_MS=2
STATE HOLDING POS=4074 DRIFT=-4 PEAK=10 VEL=0 I_RAW=0 TEMP=35 TORQUE=1 AGE_MS=2
STATE HOLDING POS=4074 DRIFT=-4 PEAK=10 VEL=0 I_RAW=0 TEMP=34 TORQUE=1 AGE_MS=2
STATE HOLDING POS=4074 DRIFT=-4 PEAK=10 VEL=0 I_RAW=0 TEMP=34 TORQUE=1 AGE_MS=2
STATE HOLDING POS=4073 DRIFT=-5 PEAK=10 VEL=0 I_RAW=0 TEMP=35 TORQUE=1 AGE_MS=2
STATE HOLDING POS=4074 DRIFT=-4 PEAK=10 VEL=0 I_RAW=0 TEMP=34 TORQUE=1 AGE_MS=2
STATE HOLDING POS=4074 DRIFT=-4 PEAK=10 VEL=0 I_RAW=0 TEMP=34 TORQUE=1 AGE_MS=2
STATE HOLDING POS=4073 DRIFT=-5 PEAK=10 VEL=0 I_RAW=0 TEMP=34 TORQUE=1 AGE_MS=2
STATE HOLDING POS=4074 DRIFT=-4 PEAK=10 VEL=0 I_RAW=0 TEMP=35 TORQUE=1 AGE_MS=2
STATE HOLDING POS=4074 DRIFT=-4 PEAK=10 VEL=0 I_RAW=0 TEMP=35 TORQUE=1 AGE_MS=2
STATE HOLDING POS=4074 DRIFT=-4 PEAK=10 VEL=0 I_RAW=0 TEMP=35 TORQUE=1 AGE_MS=2
STATE HOLDING POS=4074 DRIFT=-4 PEAK=10 VEL=0 I_RAW=0 TEMP=35 TORQUE=1 AGE_MS=2
STATE HOLDING POS=4074 DRIFT=-4 PEAK=10 VEL=0 I_RAW=0 TEMP=34 TORQUE=1 AGE_MS=2
STATE HOLDING POS=4074 DRIFT=-4 PEAK=10 VEL=0 I_RAW=0 TEMP=35 TORQUE=1 AGE_MS=2
STATE HOLDING POS=4073 DRIFT=-5 PEAK=10 VEL=0 I_RAW=0 TEMP=35 TORQUE=1 AGE_MS=2
STATE HOLDING POS=4073 DRIFT=-5 PEAK=10 VEL=0 I_RAW=0 TEMP=34 TORQUE=1 AGE_MS=2
STATE HOLDING POS=4074 DRIFT=-4 PEAK=10 VEL=0 I_RAW=0 TEMP=35 TORQUE=1 AGE_MS=2
STATE HOLDING POS=4074 DRIFT=-4 PEAK=10 VEL=0 I_RAW=0 TEMP=34 TORQUE=1 AGE_MS=2
STATE HOLDING POS=4074 DRIFT=-4 PEAK=10 VEL=0 I_RAW=0 TEMP=34 TORQUE=1 AGE_MS=2
STATE HOLDING POS=4073 DRIFT=-5 PEAK=10 VEL=0 I_RAW=0 TEMP=35 TORQUE=1 AGE_MS=2
ACK SUPPORTED_OFF; TORQUE_OFF_CONFIRMED

--- exit ---
