--- Miniterm on /dev/serial/by-id/usb-ROBOTIS_OpenCR_Virtual_ComPort_in_FS_Mode_FFFFFFFEFFFF-if00  115200,8,N,1 ---
--- Quit: Ctrl+] | Menu: Ctrl+T | Help: Ctrl+T followed by Ctrl+H ---
CHECK_OK READY; BOTH_TORQUES_OFF
STATE READY POS=4077 DRIFT=0 PEAK=0 VEL=0 I_RAW=0 TEMP=33 TORQUE=0 AGE_MS=26
ACK HOLD; ZERO_VELOCITY; TORQUE_ON
STATE HOLDING POS=4077 DRIFT=0 PEAK=0 VEL=0 I_RAW=0 TEMP=33 TORQUE=1 AGE_MS=2
STATE HOLDING POS=4077 DRIFT=0 PEAK=1 VEL=0 I_RAW=0 TEMP=34 TORQUE=1 AGE_MS=2
STATE HOLDING POS=4077 DRIFT=0 PEAK=1 VEL=0 I_RAW=0 TEMP=33 TORQUE=1 AGE_MS=2
STATE HOLDING POS=4077 DRIFT=0 PEAK=1 VEL=0 I_RAW=0 TEMP=33 TORQUE=1 AGE_MS=2
STATE HOLDING POS=4077 DRIFT=0 PEAK=1 VEL=0 I_RAW=0 TEMP=33 TORQUE=1 AGE_MS=2
STATE HOLDING POS=4077 DRIFT=0 PEAK=1 VEL=0 I_RAW=0 TEMP=33 TORQUE=1 AGE_MS=2
STATE HOLDING POS=4077 DRIFT=0 PEAK=1 VEL=0 I_RAW=0 TEMP=33 TORQUE=1 AGE_MS=2
STATE HOLDING POS=4077 DRIFT=0 PEAK=1 VEL=0 I_RAW=0 TEMP=33 TORQUE=1 AGE_MS=2
STATE HOLDING POS=4077 DRIFT=0 PEAK=1 VEL=0 I_RAW=0 TEMP=33 TORQUE=1 AGE_MS=2
STATE HOLDING POS=4077 DRIFT=0 PEAK=1 VEL=0 I_RAW=0 TEMP=33 TORQUE=1 AGE_MS=2
STATE HOLDING POS=4077 DRIFT=0 PEAK=1 VEL=0 I_RAW=0 TEMP=33 TORQUE=1 AGE_MS=2
STATE HOLDING POS=4077 DRIFT=0 PEAK=1 VEL=0 I_RAW=0 TEMP=33 TORQUE=1 AGE_MS=2
STATE HOLDING POS=4077 DRIFT=0 PEAK=1 VEL=0 I_RAW=0 TEMP=33 TORQUE=1 AGE_MS=2
STATE HOLDING POS=4077 DRIFT=0 PEAK=1 VEL=0 I_RAW=0 TEMP=33 TORQUE=1 AGE_MS=2
STATE HOLDING POS=4077 DRIFT=0 PEAK=1 VEL=0 I_RAW=0 TEMP=33 TORQUE=1 AGE_MS=2
STATE HOLDING POS=4077 DRIFT=0 PEAK=1 VEL=0 I_RAW=0 TEMP=33 TORQUE=1 AGE_MS=2
STATE HOLDING POS=4077 DRIFT=0 PEAK=1 VEL=0 I_RAW=0 TEMP=33 TORQUE=1 AGE_MS=2
ERR LINE
STATE HOLDING POS=4077 DRIFT=0 PEAK=1 VEL=0 I_RAW=0 TEMP=33 TORQUE=1 AGE_MS=2
STATE HOLDING POS=4077 DRIFT=0 PEAK=1 VEL=0 I_RAW=0 TEMP=33 TORQUE=1 AGE_MS=2
STATE HOLDING POS=4077 DRIFT=0 PEAK=1 VEL=0 I_RAW=0 TEMP=33 TORQUE=1 AGE_MS=2
ERR COMMAND
STATE HOLDING POS=4077 DRIFT=0 PEAK=1 VEL=0 I_RAW=0 TEMP=34 TORQUE=1 AGE_MS=2
ACK TEST; OBSERVE_10_SECONDS
STATE TESTING POS=4077 DRIFT=0 PEAK=1 VEL=0 I_RAW=0 TEMP=33 TORQUE=1 AGE_MS=2
STATE TESTING POS=4077 DRIFT=0 PEAK=1 VEL=0 I_RAW=0 TEMP=33 TORQUE=1 AGE_MS=2
STATE TESTING POS=4077 DRIFT=0 PEAK=1 VEL=0 I_RAW=0 TEMP=33 TORQUE=1 AGE_MS=2
STATE TESTING POS=4077 DRIFT=0 PEAK=1 VEL=0 I_RAW=0 TEMP=34 TORQUE=1 AGE_MS=2
STATE TESTING POS=4077 DRIFT=0 PEAK=1 VEL=0 I_RAW=0 TEMP=33 TORQUE=1 AGE_MS=2
STATE TESTING POS=4077 DRIFT=0 PEAK=1 VEL=0 I_RAW=0 TEMP=33 TORQUE=1 AGE_MS=2
STATE TESTING POS=4077 DRIFT=0 PEAK=1 VEL=0 I_RAW=0 TEMP=34 TORQUE=1 AGE_MS=2
STATE TESTING POS=4077 DRIFT=0 PEAK=1 VEL=0 I_RAW=0 TEMP=34 TORQUE=1 AGE_MS=2
STATE TESTING POS=4077 DRIFT=0 PEAK=1 VEL=0 I_RAW=0 TEMP=33 TORQUE=1 AGE_MS=2
STATE TESTING POS=4077 DRIFT=0 PEAK=1 VEL=0 I_RAW=0 TEMP=33 TORQUE=1 AGE_MS=2
EVENT OBSERVATION_COMPLETE; TORQUE_REMAINS_ON
STATE DONE POS=4077 DRIFT=0 PEAK=1 VEL=0 I_RAW=0 TEMP=33 TORQUE=1 AGE_MS=2
STATE DONE POS=4077 DRIFT=0 PEAK=1 VEL=0 I_RAW=0 TEMP=33 TORQUE=1 AGE_MS=2
STATE DONE POS=4077 DRIFT=0 PEAK=1 VEL=0 I_RAW=0 TEMP=33 TORQUE=1 AGE_MS=2
STATE DONE POS=4077 DRIFT=0 PEAK=1 VEL=0 I_RAW=0 TEMP=33 TORQUE=1 AGE_MS=2
STATE DONE POS=4077 DRIFT=0 PEAK=1 VEL=0 I_RAW=0 TEMP=33 TORQUE=1 AGE_MS=2
STATE DONE POS=4077 DRIFT=0 PEAK=1 VEL=0 I_RAW=0 TEMP=34 TORQUE=1 AGE_MS=2
STATE DONE POS=4077 DRIFT=0 PEAK=1 VEL=0 I_RAW=0 TEMP=33 TORQUE=1 AGE_MS=2
STATE DONE POS=4077 DRIFT=0 PEAK=1 VEL=0 I_RAW=0 TEMP=33 TORQUE=1 AGE_MS=2
ACK SUPPORTED_OFF; TORQUE_OFF_CONFIRMED

--- exit ---
