--- Miniterm on /dev/serial/by-id/usb-ROBOTIS_OpenCR_Virtual_ComPort_in_FS_Mode_FFFFFFFEFFFF-if00  115200,8,N,1 ---
--- Quit: Ctrl+] | Menu: Ctrl+T | Help: Ctrl+T followed by Ctrl+H ---
CHECK_OK READY; BOTH_TORQUES_OFF
STATE READY POS=4077 DRIFT=0 PEAK=0 VEL=0 I_RAW=0 TEMP=33 TORQUE=0 AGE_MS=26
ACK HOLD; ZERO_VELOCITY; TORQUE_ON
STATE HOLDING POS=4077 DRIFT=0 PEAK=0 VEL=0 I_RAW=0 TEMP=33 TORQUE=1 AGE_MS=2
STATE HOLDING POS=4077 DRIFT=0 PEAK=0 VEL=0 I_RAW=0 TEMP=34 TORQUE=1 AGE_MS=2
STATE HOLDING POS=4077 DRIFT=0 PEAK=0 VEL=0 I_RAW=0 TEMP=33 TORQUE=1 AGE_MS=2
STATE HOLDING POS=4077 DRIFT=0 PEAK=0 VEL=0 I_RAW=0 TEMP=33 TORQUE=1 AGE_MS=2
STATE HOLDING POS=4077 DRIFT=0 PEAK=0 VEL=0 I_RAW=0 TEMP=33 TORQUE=1 AGE_MS=2
STATE HOLDING POS=4077 DRIFT=0 PEAK=0 VEL=0 I_RAW=0 TEMP=34 TORQUE=1 AGE_MS=2
STATE HOLDING POS=4077 DRIFT=0 PEAK=0 VEL=0 I_RAW=0 TEMP=34 TORQUE=1 AGE_MS=2
STATE HOLDING POS=4077 DRIFT=0 PEAK=0 VEL=0 I_RAW=0 TEMP=34 TORQUE=1 AGE_MS=2
STATE HOLDING POS=4077 DRIFT=0 PEAK=0 VEL=0 I_RAW=0 TEMP=33 TORQUE=1 AGE_MS=2
STATE HOLDING POS=4077 DRIFT=0 PEAK=0 VEL=0 I_RAW=0 TEMP=33 TORQUE=1 AGE_MS=2
STATE HOLDING POS=4077 DRIFT=0 PEAK=0 VEL=0 I_RAW=0 TEMP=33 TORQUE=1 AGE_MS=2
STATE HOLDING POS=4077 DRIFT=0 PEAK=0 VEL=0 I_RAW=0 TEMP=33 TORQUE=1 AGE_MS=2
STATE HOLDING POS=4078 DRIFT=1 PEAK=3 VEL=0 I_RAW=0 TEMP=33 TORQUE=1 AGE_MS=2
STATE HOLDING POS=4079 DRIFT=2 PEAK=3 VEL=0 I_RAW=0 TEMP=33 TORQUE=1 AGE_MS=2
STATE HOLDING POS=4079 DRIFT=2 PEAK=3 VEL=0 I_RAW=0 TEMP=33 TORQUE=1 AGE_MS=2
STATE HOLDING POS=4080 DRIFT=3 PEAK=3 VEL=0 I_RAW=0 TEMP=33 TORQUE=1 AGE_MS=2
STATE HOLDING POS=4080 DRIFT=3 PEAK=4 VEL=0 I_RAW=0 TEMP=33 TORQUE=1 AGE_MS=2
STATE HOLDING POS=4077 DRIFT=0 PEAK=4 VEL=0 I_RAW=0 TEMP=34 TORQUE=1 AGE_MS=2
STATE HOLDING POS=4079 DRIFT=2 PEAK=4 VEL=0 I_RAW=0 TEMP=33 TORQUE=1 AGE_MS=2
STATE HOLDING POS=4081 DRIFT=4 PEAK=4 VEL=0 I_RAW=-4 TEMP=33 TORQUE=1 AGE_MS=2
STATE HOLDING POS=4081 DRIFT=4 PEAK=5 VEL=0 I_RAW=-5 TEMP=33 TORQUE=1 AGE_MS=2
STATE HOLDING POS=4082 DRIFT=5 PEAK=5 VEL=0 I_RAW=-13 TEMP=34 TORQUE=1 AGE_MS=2
STATE HOLDING POS=4077 DRIFT=0 PEAK=6 VEL=-2 I_RAW=7 TEMP=34 TORQUE=1 AGE_MS=2
STATE HOLDING POS=4078 DRIFT=1 PEAK=6 VEL=0 I_RAW=0 TEMP=33 TORQUE=1 AGE_MS=2
STATE HOLDING POS=4077 DRIFT=0 PEAK=6 VEL=0 I_RAW=0 TEMP=33 TORQUE=1 AGE_MS=2
STATE HOLDING POS=4077 DRIFT=0 PEAK=6 VEL=0 I_RAW=0 TEMP=33 TORQUE=1 AGE_MS=2
STATE HOLDING POS=4078 DRIFT=1 PEAK=6 VEL=0 I_RAW=0 TEMP=34 TORQUE=1 AGE_MS=2
STATE HOLDING POS=4078 DRIFT=1 PEAK=6 VEL=0 I_RAW=0 TEMP=34 TORQUE=1 AGE_MS=2
STATE HOLDING POS=4078 DRIFT=1 PEAK=6 VEL=0 I_RAW=0 TEMP=34 TORQUE=1 AGE_MS=2
STATE HOLDING POS=4077 DRIFT=0 PEAK=6 VEL=0 I_RAW=0 TEMP=34 TORQUE=1 AGE_MS=2
STATE HOLDING POS=4078 DRIFT=1 PEAK=6 VEL=0 I_RAW=0 TEMP=34 TORQUE=1 AGE_MS=2
STATE HOLDING POS=4078 DRIFT=1 PEAK=6 VEL=0 I_RAW=0 TEMP=33 TORQUE=1 AGE_MS=2
ACK TEST; OBSERVE_10_SECONDS
STATE TESTING POS=4078 DRIFT=1 PEAK=6 VEL=0 I_RAW=0 TEMP=34 TORQUE=1 AGE_MS=2
STATE TESTING POS=4078 DRIFT=1 PEAK=6 VEL=0 I_RAW=0 TEMP=34 TORQUE=1 AGE_MS=2
STATE TESTING POS=4078 DRIFT=1 PEAK=6 VEL=0 I_RAW=0 TEMP=34 TORQUE=1 AGE_MS=2
STATE TESTING POS=4078 DRIFT=1 PEAK=6 VEL=0 I_RAW=0 TEMP=34 TORQUE=1 AGE_MS=2
STATE TESTING POS=4078 DRIFT=1 PEAK=6 VEL=0 I_RAW=0 TEMP=34 TORQUE=1 AGE_MS=2
STATE TESTING POS=4078 DRIFT=1 PEAK=6 VEL=0 I_RAW=0 TEMP=34 TORQUE=1 AGE_MS=2
STATE TESTING POS=4078 DRIFT=1 PEAK=6 VEL=0 I_RAW=0 TEMP=34 TORQUE=1 AGE_MS=2
STATE TESTING POS=4078 DRIFT=1 PEAK=6 VEL=0 I_RAW=0 TEMP=33 TORQUE=1 AGE_MS=2
STATE TESTING POS=4078 DRIFT=1 PEAK=6 VEL=0 I_RAW=1 TEMP=33 TORQUE=1 AGE_MS=2
STATE TESTING POS=4079 DRIFT=2 PEAK=6 VEL=0 I_RAW=2 TEMP=34 TORQUE=1 AGE_MS=2
EVENT OBSERVATION_COMPLETE; TORQUE_REMAINS_ON
STATE DONE POS=4078 DRIFT=1 PEAK=6 VEL=0 I_RAW=1 TEMP=34 TORQUE=1 AGE_MS=2
STATE DONE POS=4078 DRIFT=1 PEAK=6 VEL=0 I_RAW=0 TEMP=33 TORQUE=1 AGE_MS=2
STATE DONE POS=4078 DRIFT=1 PEAK=6 VEL=0 I_RAW=0 TEMP=33 TORQUE=1 AGE_MS=2
STATE DONE POS=4078 DRIFT=1 PEAK=6 VEL=0 I_RAW=0 TEMP=34 TORQUE=1 AGE_MS=2
STATE DONE POS=4079 DRIFT=2 PEAK=6 VEL=0 I_RAW=0 TEMP=33 TORQUE=1 AGE_MS=2
STATE DONE POS=4078 DRIFT=1 PEAK=6 VEL=0 I_RAW=0 TEMP=34 TORQUE=1 AGE_MS=2
STATE DONE POS=4078 DRIFT=1 PEAK=6 VEL=0 I_RAW=0 TEMP=34 TORQUE=1 AGE_MS=2
ACK SUPPORTED_OFF; TORQUE_OFF_CONFIRMED

--- exit ---
