> STATUS
< STATE BOOT MODE=DRY ARMED=0 GOAL=0,0 POS=0,0 VEL=0,0 TORQUE=0,0 AGE_MS=38654 T_MS=38654
> CHECK
< CHECK_OK BOTH_TORQUES_OFF
> HOLD
< ACK HOLD ZERO_REQUESTED
< EVENT STOPPED TORQUE_RETAINED
> STATUS
< STATE DISARMED MODE=DRY ARMED=0 GOAL=0,0 POS=3078,4096 VEL=0,0 TORQUE=1,1 AGE_MS=3 T_MS=39107
> VEL 0.02 0
< ERR DISARMED
> STATUS
< STATE DISARMED MODE=DRY ARMED=0 GOAL=0,0 POS=3078,4096 VEL=0,0 TORQUE=1,1 AGE_MS=13 T_MS=39297
> ARM
< ACK ARM
> VEL 0.048 -0.048
< ACK VEL
> STATUS
< STATE ARMED MODE=DRY ARMED=1 GOAL=2,-2 POS=3078,4096 VEL=2,-2 TORQUE=1,1 AGE_MS=2 T_MS=39466
> VEL 0 nan
< ERR VALUE
> STATUS
< STATE ARMED MODE=DRY ARMED=1 GOAL=2,-2 POS=3078,4096 VEL=2,-2 TORQUE=1,1 AGE_MS=10 T_MS=39574
< EVENT TIMEOUT DISARMED ZERO_REQUESTED
< EVENT STOPPED TORQUE_RETAINED
> STATUS
< STATE DISARMED MODE=DRY ARMED=0 GOAL=0,0 POS=3078,4096 VEL=0,0 TORQUE=1,1 AGE_MS=5 T_MS=40169
PASS pair validation and silence timeout
> ARM
< ACK ARM
> VEL 0 nan
< ERR VALUE
> VEL 0 nan
< ERR VALUE
> VEL 0 nan
< ERR VALUE
> VEL 0 nan
< ERR VALUE
> VEL 0 nan
< ERR VALUE
< EVENT TIMEOUT DISARMED ZERO_REQUESTED
> VEL 0 nan
< ERR VALUE
> VEL 0 nan
< ERR VALUE
< EVENT STOPPED TORQUE_RETAINED
> VEL 0 nan
< ERR VALUE
> VEL 0 nan
< ERR VALUE
> VEL 0 nan
< ERR VALUE
> VEL 0 nan
< ERR VALUE
> VEL 0 nan
< ERR VALUE
> STATUS
< STATE DISARMED MODE=DRY ARMED=0 GOAL=0,0 POS=3078,4096 VEL=0,0 TORQUE=1,1 AGE_MS=12 T_MS=41016
PASS invalid stream does not refresh command timer
> ARM
< ACK ARM
> STATUS
< STATE ARMED MODE=DRY ARMED=1 GOAL=0,0 POS=3078,4096 VEL=0,0 TORQUE=1,1 AGE_MS=19 T_MS=41143
> STATUS
< STATE ARMED MODE=DRY ARMED=1 GOAL=0,0 POS=3078,4096 VEL=0,0 TORQUE=1,1 AGE_MS=5 T_MS=41209
> STATUS
< STATE ARMED MODE=DRY ARMED=1 GOAL=0,0 POS=3078,4096 VEL=0,0 TORQUE=1,1 AGE_MS=11 T_MS=41255
> STATUS
< STATE ARMED MODE=DRY ARMED=1 GOAL=0,0 POS=3078,4096 VEL=0,0 TORQUE=1,1 AGE_MS=18 T_MS=41302
> STATUS
< STATE ARMED MODE=DRY ARMED=1 GOAL=0,0 POS=3078,4096 VEL=0,0 TORQUE=1,1 AGE_MS=5 T_MS=41349
< EVENT TIMEOUT DISARMED ZERO_REQUESTED
> STATUS
< STATE STOPPING MODE=DRY ARMED=0 GOAL=0,0 POS=3078,4096 VEL=0,0 TORQUE=1,1 AGE_MS=1 T_MS=41405
> STATUS
< STATE STOPPING MODE=DRY ARMED=0 GOAL=0,0 POS=3078,4096 VEL=0,0 TORQUE=1,1 AGE_MS=5 T_MS=41469
< EVENT STOPPED TORQUE_RETAINED
> STATUS
< STATE DISARMED MODE=DRY ARMED=0 GOAL=0,0 POS=3078,4096 VEL=0,0 TORQUE=1,1 AGE_MS=2 T_MS=41526
> STATUS
< STATE DISARMED MODE=DRY ARMED=0 GOAL=0,0 POS=3078,4096 VEL=0,0 TORQUE=1,1 AGE_MS=8 T_MS=41572
> STATUS
< STATE DISARMED MODE=DRY ARMED=0 GOAL=0,0 POS=3078,4096 VEL=0,0 TORQUE=1,1 AGE_MS=14 T_MS=41618
> STATUS
< STATE DISARMED MODE=DRY ARMED=0 GOAL=0,0 POS=3078,4096 VEL=0,0 TORQUE=1,1 AGE_MS=1 T_MS=41665
> STATUS
< STATE DISARMED MODE=DRY ARMED=0 GOAL=0,0 POS=3078,4096 VEL=0,0 TORQUE=1,1 AGE_MS=7 T_MS=41711
> STATUS
< STATE DISARMED MODE=DRY ARMED=0 GOAL=0,0 POS=3078,4096 VEL=0,0 TORQUE=1,1 AGE_MS=13 T_MS=41757
> STATUS
< STATE DISARMED MODE=DRY ARMED=0 GOAL=0,0 POS=3078,4096 VEL=0,0 TORQUE=1,1 AGE_MS=19 T_MS=41803
> STATUS
< STATE DISARMED MODE=DRY ARMED=0 GOAL=0,0 POS=3078,4096 VEL=0,0 TORQUE=1,1 AGE_MS=6 T_MS=41850
PASS STATUS stream does not refresh command timer
> ARM
< ACK ARM
> ARM
< ERR ALREADY_ARMED
> ARM
< ERR ALREADY_ARMED
> ARM
< ERR ALREADY_ARMED
> ARM
< ERR ALREADY_ARMED
< EVENT TIMEOUT DISARMED ZERO_REQUESTED
< EVENT STOPPED TORQUE_RETAINED
> STATUS
< STATE DISARMED MODE=DRY ARMED=0 GOAL=0,0 POS=3078,4096 VEL=0,0 TORQUE=1,1 AGE_MS=4 T_MS=42548
PASS ARM while armed does not renew timer
> ARM
< ACK ARM
< EVENT TIMEOUT DISARMED ZERO_REQUESTED
< EVENT STOPPED TORQUE_RETAINED
< ERR DISARMED
> STATUS
< STATE DISARMED MODE=DRY ARMED=0 GOAL=0,0 POS=3078,4096 VEL=0,0 TORQUE=1,1 AGE_MS=7 T_MS=43491
> ARM
< ACK ARM
< EVENT TIMEOUT DISARMED ZERO_REQUESTED
< EVENT STOPPED TORQUE_RETAINED
< ERR LINE
> STATUS
< STATE DISARMED MODE=DRY ARMED=0 GOAL=0,0 POS=3078,4096 VEL=0,0 TORQUE=1,1 AGE_MS=7 T_MS=44431
PASS incomplete/oversized input and parser recovery
> ARM
< ACK ARM
> VEL 0.024 0.024
< ACK VEL
> STOP
< ACK STOP ZERO_REQUESTED
< EVENT STOPPED TORQUE_RETAINED
> STATUS
< STATE ARMED MODE=DRY ARMED=1 GOAL=0,0 POS=3078,4096 VEL=0,0 TORQUE=1,1 AGE_MS=3 T_MS=44767
> DISARM
< ACK DISARM ZERO_REQUESTED
< EVENT STOPPED TORQUE_RETAINED
> STATUS
< STATE DISARMED MODE=DRY ARMED=0 GOAL=0,0 POS=3078,4096 VEL=0,0 TORQUE=1,1 AGE_MS=3 T_MS=45067
> SUPPORTED_OFF
< ACK SUPPORTED_OFF TORQUE_OFF_CONFIRMED RESET_REQUIRED
ALL TWO-AXIS DRY CHECKS PASSED
