[INFO] [1791251014.070347579] [perception_node]: 인지 노드 시작: 컬러 /camera/camera/color/image_raw, HSV [93, 120, 35]~[130, 255, 255], min_area_ratio=0.002, /target 발행=best effort·depth 1, 영상 구독=reliable·depth 1, 확인 화면 발행=True
[INFO] [1791251014.181842554] [perception_node]: 목표 검출: ex=+0.158 ey=+0.207 z=0.0728 dist=-- 후보=1
[INFO] [1791251019.214397047] [perception_node]: 처리 FPS 30.2 (최근 5.0초 동안 152장 처리), 처리 시간 평균 3.2 ms·최대 6.4 ms, 노드가 검출로 표시한 프레임 152/152 (사람 대조 검출률과 다름)
[INFO] [1791251024.250173095] [perception_node]: 처리 FPS 30.0 (최근 5.0초 동안 151장 처리), 처리 시간 평균 3.0 ms·최대 4.1 ms, 노드가 검출로 표시한 프레임 151/151 (사람 대조 검출률과 다름)
[INFO] [1791251029.253213401] [perception_node]: 처리 FPS 30.0 (최근 5.0초 동안 150장 처리), 처리 시간 평균 2.9 ms·최대 3.8 ms, 노드가 검출로 표시한 프레임 150/150 (사람 대조 검출률과 다름)
[INFO] [1791251034.257267610] [perception_node]: 처리 FPS 30.0 (최근 5.0초 동안 150장 처리), 처리 시간 평균 2.9 ms·최대 3.8 ms, 노드가 검출로 표시한 프레임 150/150 (사람 대조 검출률과 다름)
[INFO] [1791251039.261840495] [perception_node]: 처리 FPS 30.0 (최근 5.0초 동안 150장 처리), 처리 시간 평균 3.2 ms·최대 4.3 ms, 노드가 검출로 표시한 프레임 150/150 (사람 대조 검출률과 다름)
[INFO] [1791251044.264642961] [perception_node]: 처리 FPS 30.0 (최근 5.0초 동안 150장 처리), 처리 시간 평균 3.2 ms·최대 4.2 ms, 노드가 검출로 표시한 프레임 150/150 (사람 대조 검출률과 다름)
[INFO] [1791251049.291141050] [perception_node]: 처리 FPS 30.0 (최근 5.0초 동안 151장 처리), 처리 시간 평균 2.8 ms·최대 3.8 ms, 노드가 검출로 표시한 프레임 151/151 (사람 대조 검출률과 다름)
[INFO] [1791251054.302158989] [perception_node]: 처리 FPS 29.9 (최근 5.0초 동안 150장 처리), 처리 시간 평균 2.9 ms·최대 3.9 ms, 노드가 검출로 표시한 프레임 150/150 (사람 대조 검출률과 다름)
[INFO] [1791251059.309250387] [perception_node]: 처리 FPS 30.0 (최근 5.0초 동안 150장 처리), 처리 시간 평균 2.9 ms·최대 3.8 ms, 노드가 검출로 표시한 프레임 150/150 (사람 대조 검출률과 다름)
[INFO] [1791251064.312671529] [perception_node]: 처리 FPS 30.0 (최근 5.0초 동안 150장 처리), 처리 시간 평균 3.3 ms·최대 4.0 ms, 노드가 검출로 표시한 프레임 150/150 (사람 대조 검출률과 다름)
[INFO] [1791251069.315841910] [perception_node]: 처리 FPS 30.0 (최근 5.0초 동안 150장 처리), 처리 시간 평균 3.1 ms·최대 3.9 ms, 노드가 검출로 표시한 프레임 150/150 (사람 대조 검출률과 다름)
[INFO] [1791251074.350882958] [perception_node]: 처리 FPS 30.0 (최근 5.0초 동안 151장 처리), 처리 시간 평균 2.9 ms·최대 3.9 ms, 노드가 검출로 표시한 프레임 151/151 (사람 대조 검출률과 다름)
[INFO] [1791251079.356053907] [perception_node]: 처리 FPS 30.0 (최근 5.0초 동안 150장 처리), 처리 시간 평균 2.8 ms·최대 4.0 ms, 노드가 검출로 표시한 프레임 150/150 (사람 대조 검출률과 다름)
[INFO] [1791251084.358715589] [perception_node]: 처리 FPS 30.0 (최근 5.0초 동안 150장 처리), 처리 시간 평균 3.1 ms·최대 4.0 ms, 노드가 검출로 표시한 프레임 150/150 (사람 대조 검출률과 다름)
[INFO] [1791251089.363850744] [perception_node]: 처리 FPS 30.0 (최근 5.0초 동안 150장 처리), 처리 시간 평균 3.1 ms·최대 4.0 ms, 노드가 검출로 표시한 프레임 150/150 (사람 대조 검출률과 다름)
[INFO] [1791251094.367795782] [perception_node]: 처리 FPS 30.0 (최근 5.0초 동안 150장 처리), 처리 시간 평균 2.9 ms·최대 3.8 ms, 노드가 검출로 표시한 프레임 150/150 (사람 대조 검출률과 다름)
[INFO] [1791251098.103512438] [perception_node]: 목표 미검출 → x = y = z = 0 발행
[INFO] [1791251099.403571759] [perception_node]: 처리 FPS 30.0 (최근 5.0초 동안 151장 처리), 처리 시간 평균 2.9 ms·최대 4.1 ms, 노드가 검출로 표시한 프레임 111/151 (사람 대조 검출률과 다름)
[INFO] [1791251104.408284354] [perception_node]: 처리 FPS 30.0 (최근 5.0초 동안 150장 처리), 처리 시간 평균 2.8 ms·최대 3.8 ms, 노드가 검출로 표시한 프레임 0/150 (사람 대조 검출률과 다름)
[INFO] [1791251109.412381023] [perception_node]: 처리 FPS 30.0 (최근 5.0초 동안 150장 처리), 처리 시간 평균 3.2 ms·최대 4.0 ms, 노드가 검출로 표시한 프레임 0/150 (사람 대조 검출률과 다름)
[INFO] [1791251114.416197103] [perception_node]: 처리 FPS 30.0 (최근 5.0초 동안 150장 처리), 처리 시간 평균 3.0 ms·최대 3.9 ms, 노드가 검출로 표시한 프레임 0/150 (사람 대조 검출률과 다름)
[INFO] [1791251115.182703271] [perception_node]: 목표 검출: ex=+0.896 ey=-0.315 z=0.0177 dist=-- 후보=1
[INFO] [1791251119.418852222] [perception_node]: 처리 FPS 30.0 (최근 5.0초 동안 150장 처리), 처리 시간 평균 3.0 ms·최대 3.9 ms, 노드가 검출로 표시한 프레임 128/150 (사람 대조 검출률과 다름)
[INFO] [1791251124.422245793] [perception_node]: 처리 FPS 30.0 (최근 5.0초 동안 150장 처리), 처리 시간 평균 2.9 ms·최대 3.8 ms, 노드가 검출로 표시한 프레임 150/150 (사람 대조 검출률과 다름)
[INFO] [1791251129.428752584] [perception_node]: 처리 FPS 30.0 (최근 5.0초 동안 150장 처리), 처리 시간 평균 3.0 ms·최대 4.0 ms, 노드가 검출로 표시한 프레임 150/150 (사람 대조 검출률과 다름)
[INFO] [1791251134.449854113] [perception_node]: 처리 FPS 30.1 (최근 5.0초 동안 151장 처리), 처리 시간 평균 3.0 ms·최대 4.2 ms, 노드가 검출로 표시한 프레임 151/151 (사람 대조 검출률과 다름)
[INFO] [1791251134.951041607] [perception_node]: 목표 미검출 → x = y = z = 0 발행
[INFO] [1791251135.283958875] [perception_node]: 목표 검출: ex=+0.524 ey=-0.402 z=0.0028 dist=-- 후보=1
[INFO] [1791251135.384708190] [perception_node]: 목표 미검출 → x = y = z = 0 발행
[INFO] [1791251136.884338045] [perception_node]: 목표 검출: ex=+0.576 ey=+0.006 z=0.0021 dist=-- 후보=1
[INFO] [1791251137.094345206] [perception_node]: 목표 미검출 → x = y = z = 0 발행
[INFO] [1791251137.651781308] [perception_node]: 목표 검출: ex=+0.571 ey=+0.049 z=0.0020 dist=-- 후보=1
[INFO] [1791251137.686767498] [perception_node]: 목표 미검출 → x = y = z = 0 발행
[INFO] [1791251138.230036208] [perception_node]: 목표 검출: ex=+0.705 ey=+0.156 z=0.0023 dist=-- 후보=1
[INFO] [1791251138.462539916] [perception_node]: 목표 미검출 → x = y = z = 0 발행
[INFO] [1791251139.464216467] [perception_node]: 처리 FPS 29.9 (최근 5.0초 동안 150장 처리), 처리 시간 평균 2.6 ms·최대 3.4 ms, 노드가 검출로 표시한 프레임 31/150 (사람 대조 검출률과 다름)
[INFO] [1791251140.899018007] [perception_node]: 목표 검출: ex=+0.888 ey=-0.543 z=0.0053 dist=-- 후보=2
[INFO] [1791251144.466831668] [perception_node]: 처리 FPS 30.0 (최근 5.0초 동안 150장 처리), 처리 시간 평균 2.9 ms·최대 3.9 ms, 노드가 검출로 표시한 프레임 108/150 (사람 대조 검출률과 다름)
[INFO] [1791251149.272523299] [perception_node]: 목표 미검출 → x = y = z = 0 발행
[INFO] [1791251149.472470938] [perception_node]: 처리 FPS 30.0 (최근 5.0초 동안 150장 처리), 처리 시간 평균 2.9 ms·최대 3.7 ms, 노드가 검출로 표시한 프레임 143/150 (사람 대조 검출률과 다름)
[INFO] [1791251154.474367018] [perception_node]: 처리 FPS 30.0 (최근 5.0초 동안 150장 처리), 처리 시간 평균 3.1 ms·최대 4.0 ms, 노드가 검출로 표시한 프레임 0/150 (사람 대조 검출률과 다름)
[INFO] [1791251159.480047849] [perception_node]: 처리 FPS 30.0 (최근 5.0초 동안 150장 처리), 처리 시간 평균 3.1 ms·최대 3.9 ms, 노드가 검출로 표시한 프레임 0/150 (사람 대조 검출률과 다름)
[INFO] [1791251159.878154910] [perception_node]: 목표 검출: ex=+0.964 ey=-0.291 z=0.0034 dist=-- 후보=1
[INFO] [1791251164.481298044] [perception_node]: 처리 FPS 30.0 (최근 5.0초 동안 150장 처리), 처리 시간 평균 3.0 ms·최대 3.6 ms, 노드가 검출로 표시한 프레임 139/150 (사람 대조 검출률과 다름)
[INFO] [1791251169.487042029] [perception_node]: 처리 FPS 30.0 (최근 5.0초 동안 150장 처리), 처리 시간 평균 3.1 ms·최대 4.0 ms, 노드가 검출로 표시한 프레임 150/150 (사람 대조 검출률과 다름)
[INFO] [1791251174.488504859] [perception_node]: 처리 FPS 30.0 (최근 5.0초 동안 150장 처리), 처리 시간 평균 3.1 ms·최대 3.8 ms, 노드가 검출로 표시한 프레임 150/150 (사람 대조 검출률과 다름)
[INFO] [1791251179.528854363] [perception_node]: 처리 FPS 30.0 (최근 5.0초 동안 151장 처리), 처리 시간 평균 3.2 ms·최대 3.9 ms, 노드가 검출로 표시한 프레임 151/151 (사람 대조 검출률과 다름)
[INFO] [1791251184.531243816] [perception_node]: 처리 FPS 30.0 (최근 5.0초 동안 150장 처리), 처리 시간 평균 3.1 ms·최대 3.9 ms, 노드가 검출로 표시한 프레임 150/150 (사람 대조 검출률과 다름)
[INFO] [1791251189.532262178] [perception_node]: 처리 FPS 30.0 (최근 5.0초 동안 150장 처리), 처리 시간 평균 2.5 ms·최대 3.4 ms, 노드가 검출로 표시한 프레임 150/150 (사람 대조 검출률과 다름)
[INFO] [1791251194.536496905] [perception_node]: 처리 FPS 30.0 (최근 5.0초 동안 150장 처리), 처리 시간 평균 2.5 ms·최대 3.4 ms, 노드가 검출로 표시한 프레임 150/150 (사람 대조 검출률과 다름)
[INFO] [1791251199.542790137] [perception_node]: 처리 FPS 30.0 (최근 5.0초 동안 150장 처리), 처리 시간 평균 2.9 ms·최대 3.9 ms, 노드가 검출로 표시한 프레임 150/150 (사람 대조 검출률과 다름)
[INFO] [1791251204.545242463] [perception_node]: 처리 FPS 30.0 (최근 5.0초 동안 150장 처리), 처리 시간 평균 3.1 ms·최대 3.9 ms, 노드가 검출로 표시한 프레임 150/150 (사람 대조 검출률과 다름)
[INFO] [1791251209.548613897] [perception_node]: 처리 FPS 30.0 (최근 5.0초 동안 150장 처리), 처리 시간 평균 3.1 ms·최대 3.8 ms, 노드가 검출로 표시한 프레임 150/150 (사람 대조 검출률과 다름)
[INFO] [1791251214.552056512] [perception_node]: 처리 FPS 30.0 (최근 5.0초 동안 150장 처리), 처리 시간 평균 3.1 ms·최대 3.8 ms, 노드가 검출로 표시한 프레임 150/150 (사람 대조 검출률과 다름)
[INFO] [1791251219.555646218] [perception_node]: 처리 FPS 30.0 (최근 5.0초 동안 150장 처리), 처리 시간 평균 2.8 ms·최대 3.8 ms, 노드가 검출로 표시한 프레임 150/150 (사람 대조 검출률과 다름)
[INFO] [1791251224.583618752] [perception_node]: 처리 FPS 30.0 (최근 5.0초 동안 151장 처리), 처리 시간 평균 2.9 ms·최대 3.5 ms, 노드가 검출로 표시한 프레임 151/151 (사람 대조 검출률과 다름)
[INFO] [1791251226.262616172] [perception_node]: 목표 미검출 → x = y = z = 0 발행
[INFO] [1791251229.596879276] [perception_node]: 처리 FPS 29.9 (최근 5.0초 동안 150장 처리), 처리 시간 평균 2.9 ms·최대 3.5 ms, 노드가 검출로 표시한 프레임 49/150 (사람 대조 검출률과 다름)
[INFO] [1791251234.599396565] [perception_node]: 처리 FPS 30.0 (최근 5.0초 동안 150장 처리), 처리 시간 평균 2.9 ms·최대 3.4 ms, 노드가 검출로 표시한 프레임 0/150 (사람 대조 검출률과 다름)
[INFO] [1791251239.605723545] [perception_node]: 처리 FPS 30.0 (최근 5.0초 동안 150장 처리), 처리 시간 평균 2.9 ms·최대 3.4 ms, 노드가 검출로 표시한 프레임 0/150 (사람 대조 검출률과 다름)
[INFO] [1791251244.632509008] [perception_node]: 처리 FPS 30.0 (최근 5.0초 동안 151장 처리), 처리 시간 평균 2.9 ms·최대 3.4 ms, 노드가 검출로 표시한 프레임 0/151 (사람 대조 검출률과 다름)
[INFO] [1791251249.644375245] [perception_node]: 처리 FPS 29.9 (최근 5.0초 동안 150장 처리), 처리 시간 평균 2.8 ms·최대 3.2 ms, 노드가 검출로 표시한 프레임 0/150 (사람 대조 검출률과 다름)
[INFO] [1791251254.649458419] [perception_node]: 처리 FPS 30.0 (최근 5.0초 동안 150장 처리), 처리 시간 평균 2.9 ms·최대 3.3 ms, 노드가 검출로 표시한 프레임 0/150 (사람 대조 검출률과 다름)
[INFO] [1791251259.653372090] [perception_node]: 처리 FPS 30.0 (최근 5.0초 동안 150장 처리), 처리 시간 평균 2.9 ms·최대 3.4 ms, 노드가 검출로 표시한 프레임 0/150 (사람 대조 검출률과 다름)
[INFO] [1791251264.658079007] [perception_node]: 처리 FPS 30.0 (최근 5.0초 동안 150장 처리), 처리 시간 평균 2.9 ms·최대 3.2 ms, 노드가 검출로 표시한 프레임 0/150 (사람 대조 검출률과 다름)
[INFO] [1791251268.626709378] [perception_node]: 목표 검출: ex=+0.636 ey=+0.025 z=0.0023 dist=-- 후보=1
[INFO] [1791251268.727716639] [perception_node]: 목표 미검출 → x = y = z = 0 발행
[INFO] [1791251268.759909654] [perception_node]: 목표 검출: ex=+0.576 ey=-0.548 z=0.0024 dist=-- 후보=1
[INFO] [1791251268.860983880] [perception_node]: 목표 미검출 → x = y = z = 0 발행
[INFO] [1791251268.890796867] [perception_node]: 목표 검출: ex=+0.358 ey=-0.415 z=0.0038 dist=-- 후보=1
[INFO] [1791251269.660887435] [perception_node]: 처리 FPS 30.0 (최근 5.0초 동안 150장 처리), 처리 시간 평균 3.0 ms·최대 3.3 ms, 노드가 검출로 표시한 프레임 30/150 (사람 대조 검출률과 다름)
[INFO] [1791251274.661129024] [perception_node]: 처리 FPS 30.0 (최근 5.0초 동안 150장 처리), 처리 시간 평균 2.8 ms·최대 3.3 ms, 노드가 검출로 표시한 프레임 150/150 (사람 대조 검출률과 다름)
[INFO] [1791251279.665053713] [perception_node]: 처리 FPS 30.0 (최근 5.0초 동안 150장 처리), 처리 시간 평균 2.4 ms·최대 3.3 ms, 노드가 검출로 표시한 프레임 150/150 (사람 대조 검출률과 다름)
[INFO] [1791251284.669831403] [perception_node]: 처리 FPS 30.0 (최근 5.0초 동안 150장 처리), 처리 시간 평균 2.4 ms·최대 3.2 ms, 노드가 검출로 표시한 프레임 150/150 (사람 대조 검출률과 다름)
[INFO] [1791251289.673789905] [perception_node]: 처리 FPS 30.0 (최근 5.0초 동안 150장 처리), 처리 시간 평균 2.8 ms·최대 3.6 ms, 노드가 검출로 표시한 프레임 150/150 (사람 대조 검출률과 다름)
[INFO] [1791251294.675332273] [perception_node]: 처리 FPS 30.0 (최근 5.0초 동안 150장 처리), 처리 시간 평균 2.7 ms·최대 3.4 ms, 노드가 검출로 표시한 프레임 150/150 (사람 대조 검출률과 다름)
[INFO] [1791251299.678708090] [perception_node]: 처리 FPS 30.0 (최근 5.0초 동안 150장 처리), 처리 시간 평균 2.6 ms·최대 3.2 ms, 노드가 검출로 표시한 프레임 150/150 (사람 대조 검출률과 다름)
[INFO] [1791251304.684563569] [perception_node]: 처리 FPS 30.0 (최근 5.0초 동안 150장 처리), 처리 시간 평균 2.7 ms·최대 3.1 ms, 노드가 검출로 표시한 프레임 150/150 (사람 대조 검출률과 다름)
[INFO] [1791251309.687550379] [perception_node]: 처리 FPS 30.0 (최근 5.0초 동안 150장 처리), 처리 시간 평균 2.6 ms·최대 3.1 ms, 노드가 검출로 표시한 프레임 150/150 (사람 대조 검출률과 다름)
[INFO] [1791251314.692550865] [perception_node]: 처리 FPS 30.0 (최근 5.0초 동안 150장 처리), 처리 시간 평균 2.9 ms·최대 3.6 ms, 노드가 검출로 표시한 프레임 150/150 (사람 대조 검출률과 다름)
[INFO] [1791251319.696357713] [perception_node]: 처리 FPS 30.0 (최근 5.0초 동안 150장 처리), 처리 시간 평균 2.7 ms·최대 3.3 ms, 노드가 검출로 표시한 프레임 150/150 (사람 대조 검출률과 다름)
[INFO] [1791251324.699358967] [perception_node]: 처리 FPS 30.0 (최근 5.0초 동안 150장 처리), 처리 시간 평균 2.7 ms·최대 3.2 ms, 노드가 검출로 표시한 프레임 150/150 (사람 대조 검출률과 다름)
[INFO] [1791251329.703684046] [perception_node]: 처리 FPS 30.0 (최근 5.0초 동안 150장 처리), 처리 시간 평균 2.7 ms·최대 3.3 ms, 노드가 검출로 표시한 프레임 150/150 (사람 대조 검출률과 다름)
[INFO] [1791251334.705852780] [perception_node]: 처리 FPS 30.0 (최근 5.0초 동안 150장 처리), 처리 시간 평균 2.8 ms·최대 3.6 ms, 노드가 검출로 표시한 프레임 150/150 (사람 대조 검출률과 다름)
[INFO] [1791251339.709335531] [perception_node]: 처리 FPS 30.0 (최근 5.0초 동안 150장 처리), 처리 시간 평균 2.9 ms·최대 4.8 ms, 노드가 검출로 표시한 프레임 150/150 (사람 대조 검출률과 다름)
[INFO] [1791251344.712802195] [perception_node]: 처리 FPS 30.0 (최근 5.0초 동안 150장 처리), 처리 시간 평균 2.6 ms·최대 3.6 ms, 노드가 검출로 표시한 프레임 150/150 (사람 대조 검출률과 다름)
[INFO] [1791251349.716557033] [perception_node]: 처리 FPS 30.0 (최근 5.0초 동안 150장 처리), 처리 시간 평균 2.7 ms·최대 3.4 ms, 노드가 검출로 표시한 프레임 150/150 (사람 대조 검출률과 다름)
[INFO] [1791251354.720465747] [perception_node]: 처리 FPS 30.0 (최근 5.0초 동안 150장 처리), 처리 시간 평균 2.9 ms·최대 4.2 ms, 노드가 검출로 표시한 프레임 150/150 (사람 대조 검출률과 다름)
[INFO] [1791251359.759775776] [perception_node]: 처리 FPS 30.0 (최근 5.0초 동안 151장 처리), 처리 시간 평균 2.9 ms·최대 5.0 ms, 노드가 검출로 표시한 프레임 151/151 (사람 대조 검출률과 다름)
[INFO] [1791251364.760218815] [perception_node]: 처리 FPS 30.0 (최근 5.0초 동안 150장 처리), 처리 시간 평균 2.6 ms·최대 4.1 ms, 노드가 검출로 표시한 프레임 150/150 (사람 대조 검출률과 다름)
[INFO] [1791251367.296938908] [perception_node]: 목표 미검출 → x = y = z = 0 발행
[INFO] [1791251369.765118402] [perception_node]: 처리 FPS 30.0 (최근 5.0초 동안 150장 처리), 처리 시간 평균 2.7 ms·최대 3.2 ms, 노드가 검출로 표시한 프레임 75/150 (사람 대조 검출률과 다름)
[INFO] [1791251374.791264906] [perception_node]: 처리 FPS 30.0 (최근 5.0초 동안 151장 처리), 처리 시간 평균 2.5 ms·최대 3.5 ms, 노드가 검출로 표시한 프레임 0/151 (사람 대조 검출률과 다름)
[INFO] [1791251379.796162056] [perception_node]: 처리 FPS 30.0 (최근 5.0초 동안 150장 처리), 처리 시간 평균 2.7 ms·최대 3.9 ms, 노드가 검출로 표시한 프레임 0/150 (사람 대조 검출률과 다름)
[INFO] [1791251384.809291229] [perception_node]: 처리 FPS 29.9 (최근 5.0초 동안 150장 처리), 처리 시간 평균 2.7 ms·최대 5.1 ms, 노드가 검출로 표시한 프레임 0/150 (사람 대조 검출률과 다름)
[INFO] [1791251389.812890329] [perception_node]: 처리 FPS 30.0 (최근 5.0초 동안 150장 처리), 처리 시간 평균 2.8 ms·최대 3.4 ms, 노드가 검출로 표시한 프레임 0/150 (사람 대조 검출률과 다름)
[INFO] [1791251394.816361002] [perception_node]: 처리 FPS 30.0 (최근 5.0초 동안 150장 처리), 처리 시간 평균 3.1 ms·최대 3.5 ms, 노드가 검출로 표시한 프레임 0/150 (사람 대조 검출률과 다름)
[INFO] [1791251399.821192549] [perception_node]: 처리 FPS 30.0 (최근 5.0초 동안 150장 처리), 처리 시간 평균 3.0 ms·최대 3.5 ms, 노드가 검출로 표시한 프레임 0/150 (사람 대조 검출률과 다름)
[INFO] [1791251404.826290203] [perception_node]: 처리 FPS 30.0 (최근 5.0초 동안 150장 처리), 처리 시간 평균 2.9 ms·최대 3.3 ms, 노드가 검출로 표시한 프레임 0/150 (사람 대조 검출률과 다름)
[INFO] [1791251409.827529010] [perception_node]: 처리 FPS 30.0 (최근 5.0초 동안 150장 처리), 처리 시간 평균 2.8 ms·최대 3.3 ms, 노드가 검출로 표시한 프레임 0/150 (사람 대조 검출률과 다름)
[INFO] [1791251414.832074686] [perception_node]: 처리 FPS 30.0 (최근 5.0초 동안 150장 처리), 처리 시간 평균 2.7 ms·최대 3.2 ms, 노드가 검출로 표시한 프레임 0/150 (사람 대조 검출률과 다름)
[INFO] [1791251416.599733495] [perception_node]: 목표 검출: ex=-0.198 ey=-0.277 z=0.0040 dist=-- 후보=1
[INFO] [1791251417.600306400] [perception_node]: 목표 미검출 → x = y = z = 0 발행
[INFO] [1791251417.667061822] [perception_node]: 목표 검출: ex=+0.826 ey=-0.167 z=0.0025 dist=-- 후보=1
[INFO] [1791251419.836197866] [perception_node]: 처리 FPS 30.0 (최근 5.0초 동안 150장 처리), 처리 시간 평균 2.8 ms·최대 3.4 ms, 노드가 검출로 표시한 프레임 96/150 (사람 대조 검출률과 다름)
[INFO] [1791251424.803658361] [perception_node]: 목표 미검출 → x = y = z = 0 발행
[INFO] [1791251424.836833827] [perception_node]: 처리 FPS 30.0 (최근 5.0초 동안 150장 처리), 처리 시간 평균 2.5 ms·최대 3.3 ms, 노드가 검출로 표시한 프레임 148/150 (사람 대조 검출률과 다름)
[INFO] [1791251425.271667571] [perception_node]: 목표 검출: ex=+0.838 ey=-0.102 z=0.0021 dist=-- 후보=1
[INFO] [1791251425.437807579] [perception_node]: 목표 미검출 → x = y = z = 0 발행
[INFO] [1791251425.470957697] [perception_node]: 목표 검출: ex=+0.823 ey=-0.095 z=0.0020 dist=-- 후보=1
[INFO] [1791251425.504293171] [perception_node]: 목표 미검출 → x = y = z = 0 발행
[INFO] [1791251425.638518789] [perception_node]: 목표 검출: ex=+0.807 ey=-0.100 z=0.0020 dist=-- 후보=1
[INFO] [1791251429.843428842] [perception_node]: 처리 FPS 30.0 (최근 5.0초 동안 150장 처리), 처리 시간 평균 2.7 ms·최대 3.8 ms, 노드가 검출로 표시한 프레임 133/150 (사람 대조 검출률과 다름)
[INFO] [1791251434.843990182] [perception_node]: 처리 FPS 30.0 (최근 5.0초 동안 150장 처리), 처리 시간 평균 2.6 ms·최대 3.2 ms, 노드가 검출로 표시한 프레임 150/150 (사람 대조 검출률과 다름)
[INFO] [1791251439.850257284] [perception_node]: 처리 FPS 30.0 (최근 5.0초 동안 150장 처리), 처리 시간 평균 2.6 ms·최대 3.4 ms, 노드가 검출로 표시한 프레임 150/150 (사람 대조 검출률과 다름)
[INFO] [1791251440.150730043] [perception_node]: 목표 미검출 → x = y = z = 0 발행
[INFO] [1791251440.284993717] [perception_node]: 목표 검출: ex=-0.269 ey=+0.072 z=0.0027 dist=-- 후보=1
[INFO] [1791251444.875169674] [perception_node]: 처리 FPS 30.0 (최근 5.0초 동안 151장 처리), 처리 시간 평균 2.8 ms·최대 3.4 ms, 노드가 검출로 표시한 프레임 147/151 (사람 대조 검출률과 다름)
[INFO] [1791251449.890643990] [perception_node]: 처리 FPS 29.9 (최근 5.0초 동안 150장 처리), 처리 시간 평균 2.6 ms·최대 3.7 ms, 노드가 검출로 표시한 프레임 150/150 (사람 대조 검출률과 다름)
[INFO] [1791251454.893398000] [perception_node]: 처리 FPS 30.0 (최근 5.0초 동안 150장 처리), 처리 시간 평균 2.7 ms·최대 3.3 ms, 노드가 검출로 표시한 프레임 150/150 (사람 대조 검출률과 다름)
[INFO] [1791251459.918298882] [perception_node]: 처리 FPS 30.1 (최근 5.0초 동안 151장 처리), 처리 시간 평균 2.5 ms·최대 3.1 ms, 노드가 검출로 표시한 프레임 151/151 (사람 대조 검출률과 다름)
[INFO] [1791251464.933498214] [perception_node]: 처리 FPS 29.9 (최근 5.0초 동안 150장 처리), 처리 시간 평균 2.6 ms·최대 3.1 ms, 노드가 검출로 표시한 프레임 150/150 (사람 대조 검출률과 다름)
[INFO] [1791251469.938270264] [perception_node]: 처리 FPS 30.0 (최근 5.0초 동안 150장 처리), 처리 시간 평균 2.5 ms·최대 3.8 ms, 노드가 검출로 표시한 프레임 150/150 (사람 대조 검출률과 다름)
[INFO] [1791251474.940341479] [perception_node]: 처리 FPS 30.0 (최근 5.0초 동안 150장 처리), 처리 시간 평균 2.6 ms·최대 3.4 ms, 노드가 검출로 표시한 프레임 150/150 (사람 대조 검출률과 다름)
[INFO] [1791251479.944822465] [perception_node]: 처리 FPS 30.0 (최근 5.0초 동안 150장 처리), 처리 시간 평균 4.0 ms·최대 5.9 ms, 노드가 검출로 표시한 프레임 150/150 (사람 대조 검출률과 다름)
[INFO] [1791251484.949305171] [perception_node]: 처리 FPS 30.0 (최근 5.0초 동안 150장 처리), 처리 시간 평균 2.6 ms·최대 3.2 ms, 노드가 검출로 표시한 프레임 150/150 (사람 대조 검출률과 다름)
[INFO] [1791251489.953248183] [perception_node]: 처리 FPS 30.0 (최근 5.0초 동안 150장 처리), 처리 시간 평균 2.8 ms·최대 3.7 ms, 노드가 검출로 표시한 프레임 150/150 (사람 대조 검출률과 다름)
[INFO] [1791251494.956539231] [perception_node]: 처리 FPS 30.0 (최근 5.0초 동안 150장 처리), 처리 시간 평균 2.9 ms·최대 3.5 ms, 노드가 검출로 표시한 프레임 150/150 (사람 대조 검출률과 다름)
[INFO] [1791251499.959573324] [perception_node]: 처리 FPS 30.0 (최근 5.0초 동안 150장 처리), 처리 시간 평균 2.8 ms·최대 4.4 ms, 노드가 검출로 표시한 프레임 150/150 (사람 대조 검출률과 다름)
[INFO] [1791251504.963225551] [perception_node]: 처리 FPS 30.0 (최근 5.0초 동안 150장 처리), 처리 시간 평균 2.8 ms·최대 3.4 ms, 노드가 검출로 표시한 프레임 150/150 (사람 대조 검출률과 다름)
[INFO] [1791251509.968159429] [perception_node]: 처리 FPS 30.0 (최근 5.0초 동안 150장 처리), 처리 시간 평균 3.1 ms·최대 3.4 ms, 노드가 검출로 표시한 프레임 150/150 (사람 대조 검출률과 다름)
[INFO] [1791251514.994803954] [perception_node]: 처리 FPS 30.0 (최근 5.0초 동안 151장 처리), 처리 시간 평균 3.1 ms·최대 3.5 ms, 노드가 검출로 표시한 프레임 151/151 (사람 대조 검출률과 다름)
[INFO] [1791251520.009795658] [perception_node]: 처리 FPS 29.9 (최근 5.0초 동안 150장 처리), 처리 시간 평균 3.1 ms·최대 3.3 ms, 노드가 검출로 표시한 프레임 150/150 (사람 대조 검출률과 다름)
[INFO] [1791251525.011011136] [perception_node]: 처리 FPS 30.0 (최근 5.0초 동안 150장 처리), 처리 시간 평균 2.8 ms·최대 3.3 ms, 노드가 검출로 표시한 프레임 150/150 (사람 대조 검출률과 다름)
[INFO] [1791251530.012932507] [perception_node]: 처리 FPS 30.0 (최근 5.0초 동안 150장 처리), 처리 시간 평균 2.4 ms·최대 3.2 ms, 노드가 검출로 표시한 프레임 150/150 (사람 대조 검출률과 다름)
[INFO] [1791251535.017076165] [perception_node]: 처리 FPS 30.0 (최근 5.0초 동안 150장 처리), 처리 시간 평균 2.4 ms·최대 3.4 ms, 노드가 검출로 표시한 프레임 150/150 (사람 대조 검출률과 다름)
[INFO] [1791251540.020163725] [perception_node]: 처리 FPS 30.0 (최근 5.0초 동안 150장 처리), 처리 시간 평균 2.3 ms·최대 2.7 ms, 노드가 검출로 표시한 프레임 150/150 (사람 대조 검출률과 다름)
[INFO] [1791251545.026547448] [perception_node]: 처리 FPS 30.0 (최근 5.0초 동안 150장 처리), 처리 시간 평균 2.6 ms·최대 3.6 ms, 노드가 검출로 표시한 프레임 150/150 (사람 대조 검출률과 다름)
[INFO] [1791251550.028753017] [perception_node]: 처리 FPS 30.0 (최근 5.0초 동안 150장 처리), 처리 시간 평균 2.9 ms·최대 5.1 ms, 노드가 검출로 표시한 프레임 150/150 (사람 대조 검출률과 다름)
[INFO] [1791251555.033171989] [perception_node]: 처리 FPS 30.0 (최근 5.0초 동안 150장 처리), 처리 시간 평균 2.6 ms·최대 3.1 ms, 노드가 검출로 표시한 프레임 150/150 (사람 대조 검출률과 다름)
[INFO] [1791251560.036716694] [perception_node]: 처리 FPS 30.0 (최근 5.0초 동안 150장 처리), 처리 시간 평균 2.8 ms·최대 3.4 ms, 노드가 검출로 표시한 프레임 150/150 (사람 대조 검출률과 다름)
[INFO] [1791251565.040920894] [perception_node]: 처리 FPS 30.0 (최근 5.0초 동안 150장 처리), 처리 시간 평균 2.8 ms·최대 3.4 ms, 노드가 검출로 표시한 프레임 150/150 (사람 대조 검출률과 다름)
[INFO] [1791251570.044268849] [perception_node]: 처리 FPS 30.0 (최근 5.0초 동안 150장 처리), 처리 시간 평균 2.8 ms·최대 3.4 ms, 노드가 검출로 표시한 프레임 150/150 (사람 대조 검출률과 다름)
[INFO] [1791251575.047162242] [perception_node]: 처리 FPS 30.0 (최근 5.0초 동안 150장 처리), 처리 시간 평균 2.6 ms·최대 3.2 ms, 노드가 검출로 표시한 프레임 150/150 (사람 대조 검출률과 다름)
[INFO] [1791251580.052743717] [perception_node]: 처리 FPS 30.0 (최근 5.0초 동안 150장 처리), 처리 시간 평균 2.7 ms·최대 3.4 ms, 노드가 검출로 표시한 프레임 150/150 (사람 대조 검출률과 다름)
[INFO] [1791251585.087823114] [perception_node]: 처리 FPS 30.0 (최근 5.0초 동안 151장 처리), 처리 시간 평균 3.0 ms·최대 3.3 ms, 노드가 검출로 표시한 프레임 151/151 (사람 대조 검출률과 다름)
[INFO] [1791251590.093025165] [perception_node]: 처리 FPS 30.0 (최근 5.0초 동안 150장 처리), 처리 시간 평균 3.0 ms·최대 3.4 ms, 노드가 검출로 표시한 프레임 150/150 (사람 대조 검출률과 다름)
[INFO] [1791251595.094652375] [perception_node]: 처리 FPS 30.0 (최근 5.0초 동안 150장 처리), 처리 시간 평균 2.6 ms·최대 3.9 ms, 노드가 검출로 표시한 프레임 150/150 (사람 대조 검출률과 다름)
[INFO] [1791251600.122032698] [perception_node]: 처리 FPS 30.0 (최근 5.0초 동안 151장 처리), 처리 시간 평균 2.5 ms·최대 3.3 ms, 노드가 검출로 표시한 프레임 151/151 (사람 대조 검출률과 다름)
[INFO] [1791251605.137935694] [perception_node]: 처리 FPS 29.9 (최근 5.0초 동안 150장 처리), 처리 시간 평균 2.7 ms·최대 3.4 ms, 노드가 검출로 표시한 프레임 150/150 (사람 대조 검출률과 다름)
[INFO] [1791251610.142129767] [perception_node]: 처리 FPS 30.0 (최근 5.0초 동안 150장 처리), 처리 시간 평균 2.9 ms·최대 3.4 ms, 노드가 검출로 표시한 프레임 150/150 (사람 대조 검출률과 다름)
[INFO] [1791251615.143402845] [perception_node]: 처리 FPS 30.0 (최근 5.0초 동안 150장 처리), 처리 시간 평균 2.8 ms·최대 3.3 ms, 노드가 검출로 표시한 프레임 150/150 (사람 대조 검출률과 다름)
[INFO] [1791251620.148120947] [perception_node]: 처리 FPS 30.0 (최근 5.0초 동안 150장 처리), 처리 시간 평균 2.5 ms·최대 3.1 ms, 노드가 검출로 표시한 프레임 150/150 (사람 대조 검출률과 다름)
[INFO] [1791251625.150031435] [perception_node]: 처리 FPS 30.0 (최근 5.0초 동안 150장 처리), 처리 시간 평균 2.9 ms·최대 3.5 ms, 노드가 검출로 표시한 프레임 150/150 (사람 대조 검출률과 다름)
[INFO] [1791251630.155627000] [perception_node]: 처리 FPS 30.0 (최근 5.0초 동안 150장 처리), 처리 시간 평균 2.6 ms·최대 3.3 ms, 노드가 검출로 표시한 프레임 150/150 (사람 대조 검출률과 다름)
[INFO] [1791251635.158439450] [perception_node]: 처리 FPS 30.0 (최근 5.0초 동안 150장 처리), 처리 시간 평균 2.9 ms·최대 3.5 ms, 노드가 검출로 표시한 프레임 150/150 (사람 대조 검출률과 다름)
[INFO] [1791251640.162253983] [perception_node]: 처리 FPS 30.0 (최근 5.0초 동안 150장 처리), 처리 시간 평균 2.7 ms·최대 3.2 ms, 노드가 검출로 표시한 프레임 150/150 (사람 대조 검출률과 다름)
[INFO] [1791251645.165636526] [perception_node]: 처리 FPS 30.0 (최근 5.0초 동안 150장 처리), 처리 시간 평균 2.7 ms·최대 3.2 ms, 노드가 검출로 표시한 프레임 150/150 (사람 대조 검출률과 다름)
[INFO] [1791251650.168777370] [perception_node]: 처리 FPS 30.0 (최근 5.0초 동안 150장 처리), 처리 시간 평균 2.7 ms·최대 3.2 ms, 노드가 검출로 표시한 프레임 150/150 (사람 대조 검출률과 다름)
[INFO] [1791251655.171321214] [perception_node]: 처리 FPS 30.0 (최근 5.0초 동안 150장 처리), 처리 시간 평균 2.8 ms·최대 3.4 ms, 노드가 검출로 표시한 프레임 150/150 (사람 대조 검출률과 다름)
[INFO] [1791251660.197498285] [perception_node]: 처리 FPS 30.0 (최근 5.0초 동안 151장 처리), 처리 시간 평균 2.5 ms·최대 3.3 ms, 노드가 검출로 표시한 프레임 151/151 (사람 대조 검출률과 다름)
[INFO] [1791251665.211240829] [perception_node]: 처리 FPS 29.9 (최근 5.0초 동안 150장 처리), 처리 시간 평균 2.5 ms·최대 3.7 ms, 노드가 검출로 표시한 프레임 150/150 (사람 대조 검출률과 다름)
[INFO] [1791251670.216475277] [perception_node]: 처리 FPS 30.0 (최근 5.0초 동안 150장 처리), 처리 시간 평균 2.7 ms·최대 3.2 ms, 노드가 검출로 표시한 프레임 150/150 (사람 대조 검출률과 다름)
[INFO] [1791251675.221161096] [perception_node]: 처리 FPS 30.0 (최근 5.0초 동안 150장 처리), 처리 시간 평균 2.7 ms·최대 3.4 ms, 노드가 검출로 표시한 프레임 150/150 (사람 대조 검출률과 다름)
[INFO] [1791251680.225035824] [perception_node]: 처리 FPS 30.0 (최근 5.0초 동안 150장 처리), 처리 시간 평균 2.9 ms·최대 4.6 ms, 노드가 검출로 표시한 프레임 150/150 (사람 대조 검출률과 다름)
[INFO] [1791251685.227752528] [perception_node]: 처리 FPS 30.0 (최근 5.0초 동안 150장 처리), 처리 시간 평균 2.5 ms·최대 3.4 ms, 노드가 검출로 표시한 프레임 150/150 (사람 대조 검출률과 다름)
[INFO] [1791251690.231828259] [perception_node]: 처리 FPS 30.0 (최근 5.0초 동안 150장 처리), 처리 시간 평균 2.7 ms·최대 3.2 ms, 노드가 검출로 표시한 프레임 150/150 (사람 대조 검출률과 다름)
[INFO] [1791251695.234789714] [perception_node]: 처리 FPS 30.0 (최근 5.0초 동안 150장 처리), 처리 시간 평균 2.6 ms·최대 3.2 ms, 노드가 검출로 표시한 프레임 150/150 (사람 대조 검출률과 다름)
[INFO] [1791251700.239901800] [perception_node]: 처리 FPS 30.0 (최근 5.0초 동안 150장 처리), 처리 시간 평균 2.7 ms·최대 3.7 ms, 노드가 검출로 표시한 프레임 150/150 (사람 대조 검출률과 다름)
[INFO] [1791251705.265653908] [perception_node]: 처리 FPS 30.0 (최근 5.0초 동안 151장 처리), 처리 시간 평균 2.7 ms·최대 5.0 ms, 노드가 검출로 표시한 프레임 151/151 (사람 대조 검출률과 다름)
[INFO] [1791251710.279355188] [perception_node]: 처리 FPS 29.9 (최근 5.0초 동안 150장 처리), 처리 시간 평균 2.5 ms·최대 3.2 ms, 노드가 검출로 표시한 프레임 150/150 (사람 대조 검출률과 다름)
[INFO] [1791251715.281669911] [perception_node]: 처리 FPS 30.0 (최근 5.0초 동안 150장 처리), 처리 시간 평균 3.0 ms·최대 3.3 ms, 노드가 검출로 표시한 프레임 150/150 (사람 대조 검출률과 다름)
[INFO] [1791251720.288414357] [perception_node]: 처리 FPS 30.0 (최근 5.0초 동안 150장 처리), 처리 시간 평균 2.8 ms·최대 3.4 ms, 노드가 검출로 표시한 프레임 150/150 (사람 대조 검출률과 다름)
[INFO] [1791251725.292472653] [perception_node]: 처리 FPS 30.0 (최근 5.0초 동안 150장 처리), 처리 시간 평균 3.0 ms·최대 3.4 ms, 노드가 검출로 표시한 프레임 150/150 (사람 대조 검출률과 다름)
[INFO] [1791251730.295754773] [perception_node]: 처리 FPS 30.0 (최근 5.0초 동안 150장 처리), 처리 시간 평균 3.0 ms·최대 3.3 ms, 노드가 검출로 표시한 프레임 150/150 (사람 대조 검출률과 다름)
[INFO] [1791251735.299650293] [perception_node]: 처리 FPS 30.0 (최근 5.0초 동안 150장 처리), 처리 시간 평균 2.9 ms·최대 3.4 ms, 노드가 검출로 표시한 프레임 150/150 (사람 대조 검출률과 다름)
[INFO] [1791251740.301643757] [perception_node]: 처리 FPS 30.0 (최근 5.0초 동안 150장 처리), 처리 시간 평균 2.9 ms·최대 3.6 ms, 노드가 검출로 표시한 프레임 150/150 (사람 대조 검출률과 다름)
[INFO] [1791251745.306149948] [perception_node]: 처리 FPS 30.0 (최근 5.0초 동안 150장 처리), 처리 시간 평균 2.9 ms·최대 4.8 ms, 노드가 검출로 표시한 프레임 150/150 (사람 대조 검출률과 다름)
[INFO] [1791251750.308720209] [perception_node]: 처리 FPS 30.0 (최근 5.0초 동안 150장 처리), 처리 시간 평균 2.7 ms·최대 4.2 ms, 노드가 검출로 표시한 프레임 150/150 (사람 대조 검출률과 다름)
[INFO] [1791251755.310584893] [perception_node]: 처리 FPS 30.0 (최근 5.0초 동안 150장 처리), 처리 시간 평균 2.6 ms·최대 4.0 ms, 노드가 검출로 표시한 프레임 150/150 (사람 대조 검출률과 다름)
[INFO] [1791251760.351467749] [perception_node]: 처리 FPS 30.0 (최근 5.0초 동안 151장 처리), 처리 시간 평균 2.7 ms·최대 3.3 ms, 노드가 검출로 표시한 프레임 151/151 (사람 대조 검출률과 다름)
[INFO] [1791251765.383809049] [perception_node]: 처리 FPS 30.0 (최근 5.0초 동안 151장 처리), 처리 시간 평균 2.7 ms·최대 3.5 ms, 노드가 검출로 표시한 프레임 151/151 (사람 대조 검출률과 다름)
[INFO] [1791251770.389749884] [perception_node]: 처리 FPS 30.0 (최근 5.0초 동안 150장 처리), 처리 시간 평균 2.8 ms·최대 3.4 ms, 노드가 검출로 표시한 프레임 150/150 (사람 대조 검출률과 다름)
[INFO] [1791251775.393386560] [perception_node]: 처리 FPS 30.0 (최근 5.0초 동안 150장 처리), 처리 시간 평균 2.7 ms·최대 4.2 ms, 노드가 검출로 표시한 프레임 150/150 (사람 대조 검출률과 다름)
[INFO] [1791251780.396912953] [perception_node]: 처리 FPS 30.0 (최근 5.0초 동안 150장 처리), 처리 시간 평균 2.5 ms·최대 3.1 ms, 노드가 검출로 표시한 프레임 150/150 (사람 대조 검출률과 다름)
[INFO] [1791251785.401875081] [perception_node]: 처리 FPS 30.0 (최근 5.0초 동안 150장 처리), 처리 시간 평균 3.0 ms·최대 3.4 ms, 노드가 검출로 표시한 프레임 150/150 (사람 대조 검출률과 다름)
[INFO] [1791251790.407229698] [perception_node]: 처리 FPS 30.0 (최근 5.0초 동안 150장 처리), 처리 시간 평균 2.9 ms·최대 3.6 ms, 노드가 검출로 표시한 프레임 150/150 (사람 대조 검출률과 다름)
[INFO] [1791251795.409236954] [perception_node]: 처리 FPS 30.0 (최근 5.0초 동안 150장 처리), 처리 시간 평균 3.0 ms·최대 3.4 ms, 노드가 검출로 표시한 프레임 150/150 (사람 대조 검출률과 다름)
[INFO] [1791251800.412617047] [perception_node]: 처리 FPS 30.0 (최근 5.0초 동안 150장 처리), 처리 시간 평균 2.6 ms·최대 3.2 ms, 노드가 검출로 표시한 프레임 150/150 (사람 대조 검출률과 다름)
[INFO] [1791251805.416053233] [perception_node]: 처리 FPS 30.0 (최근 5.0초 동안 150장 처리), 처리 시간 평균 2.8 ms·최대 3.4 ms, 노드가 검출로 표시한 프레임 150/150 (사람 대조 검출률과 다름)
[INFO] [1791251810.420029268] [perception_node]: 처리 FPS 30.0 (최근 5.0초 동안 150장 처리), 처리 시간 평균 2.7 ms·최대 3.7 ms, 노드가 검출로 표시한 프레임 150/150 (사람 대조 검출률과 다름)
[INFO] [1791251815.423381687] [perception_node]: 처리 FPS 30.0 (최근 5.0초 동안 150장 처리), 처리 시간 평균 2.8 ms·최대 3.4 ms, 노드가 검출로 표시한 프레임 150/150 (사람 대조 검출률과 다름)
[INFO] [1791251820.427181390] [perception_node]: 처리 FPS 30.0 (최근 5.0초 동안 150장 처리), 처리 시간 평균 2.6 ms·최대 4.0 ms, 노드가 검출로 표시한 프레임 150/150 (사람 대조 검출률과 다름)
[INFO] [1791251825.428510351] [perception_node]: 처리 FPS 30.0 (최근 5.0초 동안 150장 처리), 처리 시간 평균 2.7 ms·최대 3.4 ms, 노드가 검출로 표시한 프레임 150/150 (사람 대조 검출률과 다름)
[INFO] [1791251830.432049475] [perception_node]: 처리 FPS 30.0 (최근 5.0초 동안 150장 처리), 처리 시간 평균 2.7 ms·최대 3.3 ms, 노드가 검출로 표시한 프레임 150/150 (사람 대조 검출률과 다름)
[INFO] [1791251835.438479615] [perception_node]: 처리 FPS 30.0 (최근 5.0초 동안 150장 처리), 처리 시간 평균 2.6 ms·최대 3.6 ms, 노드가 검출로 표시한 프레임 150/150 (사람 대조 검출률과 다름)
[INFO] [1791251840.441847506] [perception_node]: 처리 FPS 30.0 (최근 5.0초 동안 150장 처리), 처리 시간 평균 2.8 ms·최대 3.3 ms, 노드가 검출로 표시한 프레임 150/150 (사람 대조 검출률과 다름)
[INFO] [1791251845.445958503] [perception_node]: 처리 FPS 30.0 (최근 5.0초 동안 150장 처리), 처리 시간 평균 2.9 ms·최대 3.3 ms, 노드가 검출로 표시한 프레임 150/150 (사람 대조 검출률과 다름)
[INFO] [1791251850.449013773] [perception_node]: 처리 FPS 30.0 (최근 5.0초 동안 150장 처리), 처리 시간 평균 2.9 ms·최대 3.5 ms, 노드가 검출로 표시한 프레임 150/150 (사람 대조 검출률과 다름)
[INFO] [1791251855.452955140] [perception_node]: 처리 FPS 30.0 (최근 5.0초 동안 150장 처리), 처리 시간 평균 3.0 ms·최대 3.3 ms, 노드가 검출로 표시한 프레임 150/150 (사람 대조 검출률과 다름)
[INFO] [1791251860.453864272] [perception_node]: 처리 FPS 30.0 (최근 5.0초 동안 150장 처리), 처리 시간 평균 2.7 ms·최대 3.5 ms, 노드가 검출로 표시한 프레임 150/150 (사람 대조 검출률과 다름)
[INFO] [1791251865.492801734] [perception_node]: 처리 FPS 30.0 (최근 5.0초 동안 151장 처리), 처리 시간 평균 2.7 ms·최대 3.6 ms, 노드가 검출로 표시한 프레임 151/151 (사람 대조 검출률과 다름)
[INFO] [1791251870.518043970] [perception_node]: 처리 FPS 30.0 (최근 5.0초 동안 151장 처리), 처리 시간 평균 2.5 ms·최대 3.2 ms, 노드가 검출로 표시한 프레임 151/151 (사람 대조 검출률과 다름)
[INFO] [1791251875.533082385] [perception_node]: 처리 FPS 29.9 (최근 5.0초 동안 150장 처리), 처리 시간 평균 2.6 ms·최대 3.2 ms, 노드가 검출로 표시한 프레임 150/150 (사람 대조 검출률과 다름)
[INFO] [1791251880.538552102] [perception_node]: 처리 FPS 30.0 (최근 5.0초 동안 150장 처리), 처리 시간 평균 2.8 ms·최대 3.5 ms, 노드가 검출로 표시한 프레임 150/150 (사람 대조 검출률과 다름)
[INFO] [1791251885.564271143] [perception_node]: 처리 FPS 30.0 (최근 5.0초 동안 151장 처리), 처리 시간 평균 2.7 ms·최대 3.5 ms, 노드가 검출로 표시한 프레임 151/151 (사람 대조 검출률과 다름)
[INFO] [1791251890.577156210] [perception_node]: 처리 FPS 29.9 (최근 5.0초 동안 150장 처리), 처리 시간 평균 2.6 ms·최대 3.2 ms, 노드가 검출로 표시한 프레임 150/150 (사람 대조 검출률과 다름)
[INFO] [1791251895.578260401] [perception_node]: 처리 FPS 30.0 (최근 5.0초 동안 150장 처리), 처리 시간 평균 2.5 ms·최대 3.1 ms, 노드가 검출로 표시한 프레임 150/150 (사람 대조 검출률과 다름)
[INFO] [1791251900.604791239] [perception_node]: 처리 FPS 30.0 (최근 5.0초 동안 151장 처리), 처리 시간 평균 2.6 ms·최대 3.4 ms, 노드가 검출로 표시한 프레임 151/151 (사람 대조 검출률과 다름)
[INFO] [1791251905.624668135] [perception_node]: 처리 FPS 29.9 (최근 5.0초 동안 150장 처리), 처리 시간 평균 2.7 ms·최대 3.4 ms, 노드가 검출로 표시한 프레임 150/150 (사람 대조 검출률과 다름)
[INFO] [1791251910.656450307] [perception_node]: 처리 FPS 30.0 (최근 5.0초 동안 151장 처리), 처리 시간 평균 2.7 ms·최대 3.5 ms, 노드가 검출로 표시한 프레임 151/151 (사람 대조 검출률과 다름)
[INFO] [1791251915.660897536] [perception_node]: 처리 FPS 30.0 (최근 5.0초 동안 150장 처리), 처리 시간 평균 2.9 ms·최대 3.4 ms, 노드가 검출로 표시한 프레임 150/150 (사람 대조 검출률과 다름)
[INFO] [1791251920.666771476] [perception_node]: 처리 FPS 30.0 (최근 5.0초 동안 150장 처리), 처리 시간 평균 3.0 ms·최대 3.5 ms, 노드가 검출로 표시한 프레임 150/150 (사람 대조 검출률과 다름)
[INFO] [1791251925.670840605] [perception_node]: 처리 FPS 30.0 (최근 5.0초 동안 150장 처리), 처리 시간 평균 2.9 ms·최대 3.7 ms, 노드가 검출로 표시한 프레임 150/150 (사람 대조 검출률과 다름)
[INFO] [1791251930.671028789] [perception_node]: 처리 FPS 30.0 (최근 5.0초 동안 150장 처리), 처리 시간 평균 2.8 ms·최대 3.9 ms, 노드가 검출로 표시한 프레임 150/150 (사람 대조 검출률과 다름)
[INFO] [1791251935.677541974] [perception_node]: 처리 FPS 30.0 (최근 5.0초 동안 150장 처리), 처리 시간 평균 2.7 ms·최대 3.4 ms, 노드가 검출로 표시한 프레임 150/150 (사람 대조 검출률과 다름)
[INFO] [1791251940.681613126] [perception_node]: 처리 FPS 30.0 (최근 5.0초 동안 150장 처리), 처리 시간 평균 2.7 ms·최대 3.5 ms, 노드가 검출로 표시한 프레임 150/150 (사람 대조 검출률과 다름)
[INFO] [1791251945.683705638] [perception_node]: 처리 FPS 30.0 (최근 5.0초 동안 150장 처리), 처리 시간 평균 2.7 ms·최대 3.3 ms, 노드가 검출로 표시한 프레임 150/150 (사람 대조 검출률과 다름)
[INFO] [1791251950.689166873] [perception_node]: 처리 FPS 30.0 (최근 5.0초 동안 150장 처리), 처리 시간 평균 2.7 ms·최대 3.4 ms, 노드가 검출로 표시한 프레임 150/150 (사람 대조 검출률과 다름)
[INFO] [1791251955.691882480] [perception_node]: 처리 FPS 30.0 (최근 5.0초 동안 150장 처리), 처리 시간 평균 2.8 ms·최대 3.5 ms, 노드가 검출로 표시한 프레임 150/150 (사람 대조 검출률과 다름)
[INFO] [1791251960.694180041] [perception_node]: 처리 FPS 30.0 (최근 5.0초 동안 150장 처리), 처리 시간 평균 2.4 ms·최대 3.3 ms, 노드가 검출로 표시한 프레임 150/150 (사람 대조 검출률과 다름)
[INFO] [1791251965.696587795] [perception_node]: 처리 FPS 30.0 (최근 5.0초 동안 150장 처리), 처리 시간 평균 2.7 ms·최대 3.2 ms, 노드가 검출로 표시한 프레임 150/150 (사람 대조 검출률과 다름)
[INFO] [1791251970.699361262] [perception_node]: 처리 FPS 30.0 (최근 5.0초 동안 150장 처리), 처리 시간 평균 2.7 ms·최대 3.9 ms, 노드가 검출로 표시한 프레임 150/150 (사람 대조 검출률과 다름)
[INFO] [1791251975.705529102] [perception_node]: 처리 FPS 30.0 (최근 5.0초 동안 150장 처리), 처리 시간 평균 2.8 ms·최대 3.4 ms, 노드가 검출로 표시한 프레임 150/150 (사람 대조 검출률과 다름)
[INFO] [1791251980.711292172] [perception_node]: 처리 FPS 30.0 (최근 5.0초 동안 150장 처리), 처리 시간 평균 2.6 ms·최대 3.4 ms, 노드가 검출로 표시한 프레임 150/150 (사람 대조 검출률과 다름)
[INFO] [1791251985.714553537] [perception_node]: 처리 FPS 30.0 (최근 5.0초 동안 150장 처리), 처리 시간 평균 3.0 ms·최대 3.3 ms, 노드가 검출로 표시한 프레임 150/150 (사람 대조 검출률과 다름)
[INFO] [1791251990.718102068] [perception_node]: 처리 FPS 30.0 (최근 5.0초 동안 150장 처리), 처리 시간 평균 3.0 ms·최대 3.5 ms, 노드가 검출로 표시한 프레임 150/150 (사람 대조 검출률과 다름)
