Traceback (most recent call last):
  File "/home/pa44/git/Lv2_EYE4_Assignment/lv2_module5/ros2_ws/build/realsense_tracker/realsense_tracker/opencr_node.py", line 83, in main
    node=SerialNode() if use_serial else DryBridge()
                                         ~~~~~~~~~^^
  File "/home/pa44/git/Lv2_EYE4_Assignment/lv2_module5/ros2_ws/build/realsense_tracker/realsense_tracker/dry_bridge.py", line 16, in __init__
    raise RuntimeError('Hardware mode is not implemented: dry_run must remain true')
RuntimeError: Hardware mode is not implemented: dry_run must remain true

During handling of the above exception, another exception occurred:

Traceback (most recent call last):
  File "<frozen runpy>", line 198, in _run_module_as_main
  File "<frozen runpy>", line 88, in _run_code
  File "/home/pa44/git/Lv2_EYE4_Assignment/lv2_module5/ros2_ws/build/realsense_tracker/realsense_tracker/opencr_node.py", line 91, in <module>
    if __name__=='__main__':main()
                            ~~~~^^
  File "/home/pa44/git/Lv2_EYE4_Assignment/lv2_module5/ros2_ws/build/realsense_tracker/realsense_tracker/opencr_node.py", line 89, in main
    if rclpy.ok():rclpy.shutdown()
                  ~~~~~~~~~~~~~~^^
  File "/opt/ros/lyrical/lib/python3.14/site-packages/rclpy/__init__.py", line 179, in shutdown
    _shutdown(context=context)
    ~~~~~~~~~^^^^^^^^^^^^^^^^^
  File "/opt/ros/lyrical/lib/python3.14/site-packages/rclpy/utilities.py", line 81, in shutdown
    context.shutdown()
    ~~~~~~~~~~~~~~~~^^
  File "/opt/ros/lyrical/lib/python3.14/site-packages/rclpy/context.py", line 166, in shutdown
    self._cleanup()
    ~~~~~~~~~~~~~^^
  File "/opt/ros/lyrical/lib/python3.14/site-packages/rclpy/context.py", line 154, in _cleanup
    node.destroy_node()
    ~~~~~~~~~~~~~~~~~^^
  File "/home/pa44/git/Lv2_EYE4_Assignment/lv2_module5/ros2_ws/build/realsense_tracker/realsense_tracker/dry_bridge.py", line 56, in destroy_node
    if self.file:self.file.close()
       ^^^^^^^^^
AttributeError: 'DryBridge' object has no attribute 'file'
