[INFO] [1791277506.527474413] [opencr_node]: DRY_ONLY: serial port is never opened; no ARM or VEL sent
Traceback (most recent call last):
  File "<frozen runpy>", line 198, in _run_module_as_main
  File "<frozen runpy>", line 88, in _run_code
  File "/home/pa44/git/Lv2_EYE4_Assignment/lv2_module5/ros2_ws/build/realsense_tracker/realsense_tracker/opencr_node.py", line 91, in <module>
    if __name__=='__main__':main()
                            ~~~~^^
  File "/home/pa44/git/Lv2_EYE4_Assignment/lv2_module5/ros2_ws/build/realsense_tracker/realsense_tracker/opencr_node.py", line 84, in main
    rclpy.spin(node)
    ~~~~~~~~~~^^^^^^
  File "/opt/ros/lyrical/lib/python3.14/site-packages/rclpy/__init__.py", line 324, in spin
    executor.spin_once()
    ~~~~~~~~~~~~~~~~~~^^
  File "/opt/ros/lyrical/lib/python3.14/site-packages/rclpy/executors.py", line 1033, in spin_once
    self._spin_once_impl(timeout_sec)
    ~~~~~~~~~~~~~~~~~~~~^^^^^^^^^^^^^
  File "/opt/ros/lyrical/lib/python3.14/site-packages/rclpy/executors.py", line 1013, in _spin_once_impl
    handler, entity, node = self.wait_for_ready_callbacks(
                            ~~~~~~~~~~~~~~~~~~~~~~~~~~~~~^
        timeout_sec, None, wait_condition)
        ^^^^^^^^^^^^^^^^^^^^^^^^^^^^^^^^^^
  File "/opt/ros/lyrical/lib/python3.14/site-packages/rclpy/executors.py", line 983, in wait_for_ready_callbacks
    return next(self._cb_iter)
  File "/opt/ros/lyrical/lib/python3.14/site-packages/rclpy/executors.py", line 889, in _wait_for_ready_callbacks
    raise ExternalShutdownException()
rclpy.executors.ExternalShutdownException
